******************************************************************************
                  TI ARM Linker Unix v20.2.4                   
******************************************************************************
>> Linked Tue Mar  9 15:45:04 2021

OUTPUT FILE NAME:   <Quad.out>
ENTRY POINT SYMBOL: "ResetISR"  address: 00009625


MEMORY CONFIGURATION

         name            origin    length      used     unused   attr    fill
----------------------  --------  ---------  --------  --------  ----  --------
  FLASH                 00000000   00020000  0000e51c  00011ae4  R  X
  SRAM                  20000000   00005000  00003870  00001790  RW X


SEGMENT ALLOCATION MAP

run origin  load origin   length   init length attrs members
----------  ----------- ---------- ----------- ----- -------
00000000    00000000    0000e4cc   0000e4cc    r-x
  00000000    00000000    0000003c   0000003c    r-- .resetVecs
  0000003c    0000003c    00000fc4   00000fc4    r-x .text.1
  00001000    00001000    00000028   00000028    r-- .const:ti_sysbios_heaps_HeapMem_Module__FXNS__C
  00001028    00001028    00000024   00000024    r-- .const:ti_sysbios_gates_GateHwi_Module__FXNS__C
  0000104c    0000104c    00000024   00000024    r-- .const:ti_sysbios_gates_GateMutex_Module__FXNS__C
  00001070    00001070    00000020   00000020    r-- .const:ti_sysbios_family_arm_m3_Hwi_Object__DESC__C
  00001090    00001090    00000020   00000020    r-- .const:ti_sysbios_gates_GateHwi_Object__DESC__C
  000010b0    000010b0    00000020   00000020    r-- .const:ti_sysbios_gates_GateMutex_Object__DESC__C
  000010d0    000010d0    00000020   00000020    r-- .const:ti_sysbios_hal_Hwi_Object__DESC__C
  000010f0    000010f0    00000020   00000020    r-- .const:ti_sysbios_heaps_HeapMem_Object__DESC__C
  00001110    00001110    00000020   00000020    r-- .const:ti_sysbios_knl_Clock_Object__DESC__C
  00001130    00001130    00000020   00000020    r-- .const:ti_sysbios_knl_Event_Object__DESC__C
  00001150    00001150    00000020   00000020    r-- .const:ti_sysbios_knl_Mailbox_Object__DESC__C
  00001170    00001170    00000020   00000020    r-- .const:ti_sysbios_knl_Queue_Object__DESC__C
  00001190    00001190    00000020   00000020    r-- .const:ti_sysbios_knl_Semaphore_Object__DESC__C
  000011b0    000011b0    00000020   00000020    r-- .const:ti_sysbios_knl_Swi_Object__DESC__C
  000011d0    000011d0    00000020   00000020    r-- .const:ti_sysbios_knl_Task_Object__DESC__C
  000011f0    000011f0    00000008   00000008    r-- .const:ti_sysbios_knl_Idle_funcList__C
  000011f8    000011f8    00000004   00000004    r-- .const:ti_sysbios_family_arm_cc26xx_Timer_startupNeeded__C
  000011fc    000011fc    00000004   00000004    r-- .const:ti_sysbios_family_arm_m3_Hwi_E_alreadyDefined__C
  00001200    00001200    00000004   00000004    r-- .const:ti_sysbios_family_arm_m3_Hwi_E_hwiLimitExceeded__C
  00001204    00001204    00000004   00000004    r-- .const:ti_sysbios_family_arm_m3_Hwi_NUM_INTERRUPTS__C
  00001208    00001208    00000004   00000004    r-- .const:ti_sysbios_family_arm_m3_Hwi_Object__count__C
  0000120c    0000120c    00000004   00000004    r-- .const:ti_sysbios_family_arm_m3_Hwi_Object__table__C
  00001210    00001210    00000004   00000004    r-- .const:ti_sysbios_family_arm_m3_Hwi_ccr__C
  00001214    00001214    00000004   00000004    r-- .const:ti_sysbios_family_arm_m3_Hwi_excHandlerFunc__C
  00001218    00001218    00000004   00000004    r-- .const:ti_sysbios_family_arm_m3_Hwi_nullIsrFunc__C
  0000121c    0000121c    00000004   00000004    r-- .const:ti_sysbios_family_arm_m3_Hwi_numSparseInterrupts__C
  00001220    00001220    00000004   00000004    r-- .const:ti_sysbios_family_arm_m3_Hwi_priGroup__C
  00001224    00001224    00000004   00000004    r-- .const:ti_sysbios_family_arm_m3_TaskSupport_stackAlignment__C
  00001228    00001228    00000004   00000004    r-- .const:ti_sysbios_heaps_HeapMem_E_memory__C
  0000122c    0000122c    00000004   00000004    r-- .const:ti_sysbios_heaps_HeapMem_Module__gateObj__C
  00001230    00001230    00000004   00000004    r-- .const:ti_sysbios_heaps_HeapMem_Object__count__C
  00001234    00001234    00000004   00000004    r-- .const:ti_sysbios_heaps_HeapMem_Object__table__C
  00001238    00001238    00000004   00000004    r-- .const:ti_sysbios_heaps_HeapMem_reqAlign__C
  0000123c    0000123c    00000004   00000004    r-- .const:ti_sysbios_knl_Clock_triggerClock__C
  00001240    00001240    00000004   00000004    r-- .const:ti_sysbios_knl_Mailbox_Object__count__C
  00001244    00001244    00000004   00000004    r-- .const:ti_sysbios_knl_Mailbox_Object__table__C
  00001248    00001248    00000004   00000004    r-- .const:ti_sysbios_knl_Mailbox_maxTypeAlign__C
  0000124c    0000124c    00000004   00000004    r-- .const:ti_sysbios_knl_Queue_Object__count__C
  00001250    00001250    00000004   00000004    r-- .const:ti_sysbios_knl_Queue_Object__table__C
  00001254    00001254    00000004   00000004    r-- .const:ti_sysbios_knl_Semaphore_eventPost__C
  00001258    00001258    00000004   00000004    r-- .const:ti_sysbios_knl_Semaphore_eventSync__C
  0000125c    0000125c    00000004   00000004    r-- .const:ti_sysbios_knl_Swi_Object__count__C
  00001260    00001260    00000004   00000004    r-- .const:ti_sysbios_knl_Swi_Object__table__C
  00001264    00001264    00000004   00000004    r-- .const:ti_sysbios_knl_Swi_numPriorities__C
  00001268    00001268    00000004   00000004    r-- .const:ti_sysbios_knl_Task_Object__count__C
  0000126c    0000126c    00000004   00000004    r-- .const:ti_sysbios_knl_Task_Object__table__C
  00001270    00001270    00000004   00000004    r-- .const:ti_sysbios_knl_Task_allBlockedFunc__C
  00001274    00001274    00000004   00000004    r-- .const:ti_sysbios_knl_Task_defaultStackHeap__C
  00001278    00001278    00000004   00000004    r-- .const:ti_sysbios_knl_Task_defaultStackSize__C
  0000127c    0000127c    00000004   00000004    r-- .const:ti_sysbios_knl_Task_numConstructedTasks__C
  00001280    00001280    00000002   00000002    r-- .const:ti_sysbios_family_arm_cc26xx_Timer_Module__id__C
  00001282    00001282    00000002   00000002    r-- .const:ti_sysbios_family_arm_cc26xx_TimestampProvider_useClockTimer__C
  00001284    00001284    00000002   00000002    r-- .const:ti_sysbios_family_arm_m3_Hwi_Module__id__C
  00001286    00001286    00000002   00000002    r-- .const:ti_sysbios_gates_GateHwi_Module__id__C
  00001288    00001288    00000002   00000002    r-- .const:ti_sysbios_gates_GateMutex_Module__id__C
  0000128a    0000128a    00000002   00000002    r-- .const:ti_sysbios_heaps_HeapMem_Module__id__C
  0000128c    0000128c    00000002   00000002    r-- .const:ti_sysbios_knl_Task_initStackFlag__C
  0000128e    0000128e    00000001   00000001    r-- .const:ti_sysbios_knl_Clock_tickMode__C
  00001290    00001290    00000008   00000008    r-- .const:xdc_runtime_Startup_firstFxns__C
  00001298    00001298    00000008   00000008    r-- .const:xdc_runtime_Startup_lastFxns__C
  000012a0    000012a0    00000004   00000004    r-- .const:xdc_runtime_Assert_E_assertFailed__C
  000012a4    000012a4    00000004   00000004    r-- .const:xdc_runtime_Error_E_memory__C
  000012a8    000012a8    00000004   00000004    r-- .const:xdc_runtime_Error_policyFxn__C
  000012ac    000012ac    00000004   00000004    r-- .const:xdc_runtime_Error_raiseHook__C
  000012b0    000012b0    00000004   00000004    r-- .const:xdc_runtime_IGateProvider_Interface__BASE__C
  000012b4    000012b4    00000004   00000004    r-- .const:xdc_runtime_IHeap_Interface__BASE__C
  000012b8    000012b8    00000004   00000004    r-- .const:xdc_runtime_IModule_Interface__BASE__C
  000012bc    000012bc    00000004   00000004    r-- .const:xdc_runtime_Memory_defaultHeapInstance__C
  000012c0    000012c0    00000004   00000004    r-- .const:xdc_runtime_Startup_execImpl__C
  000012c4    000012c4    00000004   00000004    r-- .const:xdc_runtime_Startup_maxPasses__C
  000012c8    000012c8    00000004   00000004    r-- .const:xdc_runtime_Startup_sfxnRts__C
  000012cc    000012cc    00000004   00000004    r-- .const:xdc_runtime_Startup_sfxnTab__C
  000012d0    000012d0    00000004   00000004    r-- .const:xdc_runtime_Startup_startModsFxn__C
  000012d4    000012d4    00000004   00000004    r-- .const:xdc_runtime_SysCallback_abortFxn__C
  000012d8    000012d8    00000004   00000004    r-- .const:xdc_runtime_SysCallback_exitFxn__C
  000012dc    000012dc    00000004   00000004    r-- .const:xdc_runtime_System_abortFxn__C
  000012e0    000012e0    00000004   00000004    r-- .const:xdc_runtime_System_exitFxn__C
  000012e4    000012e4    00000004   00000004    r-- .const:xdc_runtime_System_maxAtexitHandlers__C
  000012e8    000012e8    00000004   00000004    r-- .const:xdc_runtime_Text_charTab__C
  000012ec    000012ec    00000004   00000004    r-- .const:xdc_runtime_Text_nameEmpty__C
  000012f0    000012f0    00000004   00000004    r-- .const:xdc_runtime_Text_nameStatic__C
  000012f4    000012f4    00000004   00000004    r-- .const:xdc_runtime_Text_nameUnknown__C
  000012f8    000012f8    00000002   00000002    r-- .const:xdc_runtime_Error_maxDepth__C
  000012fa    000012fa    00000002   00000002    r-- .const:xdc_runtime_Memory_Module__id__C
  000012fc    000012fc    00000002   00000002    r-- .const:xdc_runtime_Text_charCnt__C
  000012fe    000012fe    00000002   00000002    r-- .const:xdc_runtime_Text_isLoaded__C
  00001300    00001300    00000001   00000001    r-- .const:xdc_runtime_Error_policy__C
  00001304    00001304    00000004   00000004    r-- .const:ti_sysbios_rom_ROM_ti_sysbios_family_arm_cc26xx_Timer_getCount64__E
  00001308    00001308    00000004   00000004    r-- .const:ti_sysbios_rom_ROM_ti_sysbios_family_arm_cc26xx_Timer_getCurrentTick__E
  0000130c    0000130c    00000004   00000004    r-- .const:ti_sysbios_rom_ROM_ti_sysbios_family_arm_cc26xx_Timer_getMaxTicks__E
  00001310    00001310    00000004   00000004    r-- .const:ti_sysbios_rom_ROM_ti_sysbios_family_arm_cc26xx_Timer_initDevice__I
  00001314    00001314    00000004   00000004    r-- .const:ti_sysbios_rom_ROM_ti_sysbios_family_arm_cc26xx_Timer_setNextTick__E
  00001318    00001318    00000004   00000004    r-- .const:ti_sysbios_rom_ROM_ti_sysbios_family_arm_cc26xx_Timer_setThreshold__I
  0000131c    0000131c    00000004   00000004    r-- .const:ti_sysbios_rom_ROM_ti_sysbios_family_arm_cc26xx_Timer_start__E
  00001320    00001320    00000004   00000004    r-- .const:ti_sysbios_rom_ROM_ti_sysbios_family_arm_cc26xx_TimestampProvider_get32__E
  00001324    00001324    00000004   00000004    r-- .const:ti_sysbios_rom_ROM_xdc_runtime_Startup_getState__I
  00001328    00001328    00000004   00000004    r-- .const:ti_sysbios_rom_ROM_xdc_runtime_System_SupportProxy_abort__E
  0000132c    0000132c    00000004   00000004    r-- .const:ti_sysbios_rom_ROM_xdc_runtime_System_SupportProxy_exit__E
  00001330    00001330    00009e24   00009e24    r-x .text.2
  0000b154    0000b154    00002f60   00002f60    r-- .const
  0000e0b8    0000e0b8    00000414   00000414    r-- .cinit
0001ffa8    0001ffa8    00000058   00000058    r--
  0001ffa8    0001ffa8    00000058   00000058    r-- .ccfg
20000100    20000100    00000106   00000000    rw-
  20000100    20000100    00000044   00000000    rw- .data:ti_sysbios_knl_Task_Module__state__V
  20000144    20000144    00000034   00000000    rw- .data:ti_sysbios_family_arm_m3_Hwi_Module__state__V
  20000178    20000178    0000002c   00000000    rw- .data:ti_sysbios_knl_Clock_Module__state__V
  200001a4    200001a4    00000024   00000000    rw- .data:ti_sysbios_BIOS_Module__state__V
  200001c8    200001c8    0000001c   00000000    rw- .data:ti_sysbios_knl_Swi_Module__state__V
  200001e4    200001e4    00000008   00000000    rw- .data:ti_sysbios_family_arm_cc26xx_Timer_Module__state__V
  200001ec    200001ec    00000004   00000000    rw- .data:ti_sysbios_family_arm_cc26xx_TimestampProvider_Module__state__V
  200001f0    200001f0    00000008   00000000    rw- .data:xdc_runtime_Startup_Module__state__V
  200001f8    200001f8    00000008   00000000    rw- .data:xdc_runtime_System_Module__state__V
  20000200    20000200    00000004   00000000    rw- .data:xdc_runtime_Memory_Module__state__V
  20000204    20000204    00000002   00000000    rw- .data:xdc_runtime_Error_Module__state__V
20000430    20000430    00000010   00000000    rw-
  20000430    20000430    00000010   00000000    rw- .TI.bound:dmaSpi0RxControlTableEntry
20000440    20000440    00000010   00000000    rw-
  20000440    20000440    00000010   00000000    rw- .TI.bound:dmaSpi0TxControlTableEntry
20000500    20000500    00000010   00000000    rw-
  20000500    20000500    00000010   00000000    rw- .TI.bound:dmaSpi1RxControlTableEntry
20000510    20000510    00001892   00000000    rw-
  20000510    20000510    00000010   00000000    rw- .TI.bound:dmaSpi1TxControlTableEntry
  20000520    20000520    00001882   00000000    rw- .bss
20001da8    20001da8    00001000   00000000    r--
  20001da8    20001da8    00001000   00000000    r-- .priheap
20002da8    20002da8    000009e0   00000000    rw-
  20002da8    20002da8    000009e0   00000000    rw- .data
20004c00    20004c00    00000400   00000000    rw-
  20004c00    20004c00    00000400   00000000    rw- .stack


SECTION ALLOCATION MAP

 output                                  attributes/
section   page    origin      length       input sections
--------  ----  ----------  ----------   ----------------
.const:ti_sysbios_heaps_HeapMem_Module__FXNS__C 
*          0    00001000    00000028     
                  00001000    00000028     release_pem3.oem3 (.const:ti_sysbios_heaps_HeapMem_Module__FXNS__C)

.const:ti_sysbios_gates_GateHwi_Module__FXNS__C 
*          0    00001028    00000024     
                  00001028    00000024     release_pem3.oem3 (.const:ti_sysbios_gates_GateHwi_Module__FXNS__C)

.const:ti_sysbios_gates_GateMutex_Module__FXNS__C 
*          0    0000104c    00000024     
                  0000104c    00000024     release_pem3.oem3 (.const:ti_sysbios_gates_GateMutex_Module__FXNS__C)

.const:ti_sysbios_family_arm_m3_Hwi_Object__DESC__C 
*          0    00001070    00000020     
                  00001070    00000020     release_pem3.oem3 (.const:ti_sysbios_family_arm_m3_Hwi_Object__DESC__C)

.const:ti_sysbios_gates_GateHwi_Object__DESC__C 
*          0    00001090    00000020     
                  00001090    00000020     release_pem3.oem3 (.const:ti_sysbios_gates_GateHwi_Object__DESC__C)

.const:ti_sysbios_gates_GateMutex_Object__DESC__C 
*          0    000010b0    00000020     
                  000010b0    00000020     release_pem3.oem3 (.const:ti_sysbios_gates_GateMutex_Object__DESC__C)

.const:ti_sysbios_hal_Hwi_Object__DESC__C 
*          0    000010d0    00000020     
                  000010d0    00000020     release_pem3.oem3 (.const:ti_sysbios_hal_Hwi_Object__DESC__C)

.const:ti_sysbios_heaps_HeapMem_Object__DESC__C 
*          0    000010f0    00000020     
                  000010f0    00000020     release_pem3.oem3 (.const:ti_sysbios_heaps_HeapMem_Object__DESC__C)

.const:ti_sysbios_knl_Clock_Object__DESC__C 
*          0    00001110    00000020     
                  00001110    00000020     release_pem3.oem3 (.const:ti_sysbios_knl_Clock_Object__DESC__C)

.const:ti_sysbios_knl_Event_Object__DESC__C 
*          0    00001130    00000020     
                  00001130    00000020     release_pem3.oem3 (.const:ti_sysbios_knl_Event_Object__DESC__C)

.const:ti_sysbios_knl_Mailbox_Object__DESC__C 
*          0    00001150    00000020     
                  00001150    00000020     release_pem3.oem3 (.const:ti_sysbios_knl_Mailbox_Object__DESC__C)

.const:ti_sysbios_knl_Queue_Object__DESC__C 
*          0    00001170    00000020     
                  00001170    00000020     release_pem3.oem3 (.const:ti_sysbios_knl_Queue_Object__DESC__C)

.const:ti_sysbios_knl_Semaphore_Object__DESC__C 
*          0    00001190    00000020     
                  00001190    00000020     release_pem3.oem3 (.const:ti_sysbios_knl_Semaphore_Object__DESC__C)

.const:ti_sysbios_knl_Swi_Object__DESC__C 
*          0    000011b0    00000020     
                  000011b0    00000020     release_pem3.oem3 (.const:ti_sysbios_knl_Swi_Object__DESC__C)

.const:ti_sysbios_knl_Task_Object__DESC__C 
*          0    000011d0    00000020     
                  000011d0    00000020     release_pem3.oem3 (.const:ti_sysbios_knl_Task_Object__DESC__C)

.const:ti_sysbios_knl_Idle_funcList__C 
*          0    000011f0    00000008     
                  000011f0    00000008     release_pem3.oem3 (.const:ti_sysbios_knl_Idle_funcList__C)

.const:ti_sysbios_family_arm_cc26xx_Timer_startupNeeded__C 
*          0    000011f8    00000004     
                  000011f8    00000004     release_pem3.oem3 (.const:ti_sysbios_family_arm_cc26xx_Timer_startupNeeded__C)

.const:ti_sysbios_family_arm_m3_Hwi_E_alreadyDefined__C 
*          0    000011fc    00000004     
                  000011fc    00000004     release_pem3.oem3 (.const:ti_sysbios_family_arm_m3_Hwi_E_alreadyDefined__C)

.const:ti_sysbios_family_arm_m3_Hwi_E_hwiLimitExceeded__C 
*          0    00001200    00000004     
                  00001200    00000004     release_pem3.oem3 (.const:ti_sysbios_family_arm_m3_Hwi_E_hwiLimitExceeded__C)

.const:ti_sysbios_family_arm_m3_Hwi_NUM_INTERRUPTS__C 
*          0    00001204    00000004     
                  00001204    00000004     release_pem3.oem3 (.const:ti_sysbios_family_arm_m3_Hwi_NUM_INTERRUPTS__C)

.const:ti_sysbios_family_arm_m3_Hwi_Object__count__C 
*          0    00001208    00000004     
                  00001208    00000004     release_pem3.oem3 (.const:ti_sysbios_family_arm_m3_Hwi_Object__count__C)

.const:ti_sysbios_family_arm_m3_Hwi_Object__table__C 
*          0    0000120c    00000004     
                  0000120c    00000004     release_pem3.oem3 (.const:ti_sysbios_family_arm_m3_Hwi_Object__table__C)

.const:ti_sysbios_family_arm_m3_Hwi_ccr__C 
*          0    00001210    00000004     
                  00001210    00000004     release_pem3.oem3 (.const:ti_sysbios_family_arm_m3_Hwi_ccr__C)

.const:ti_sysbios_family_arm_m3_Hwi_excHandlerFunc__C 
*          0    00001214    00000004     
                  00001214    00000004     release_pem3.oem3 (.const:ti_sysbios_family_arm_m3_Hwi_excHandlerFunc__C)

.const:ti_sysbios_family_arm_m3_Hwi_nullIsrFunc__C 
*          0    00001218    00000004     
                  00001218    00000004     release_pem3.oem3 (.const:ti_sysbios_family_arm_m3_Hwi_nullIsrFunc__C)

.const:ti_sysbios_family_arm_m3_Hwi_numSparseInterrupts__C 
*          0    0000121c    00000004     
                  0000121c    00000004     release_pem3.oem3 (.const:ti_sysbios_family_arm_m3_Hwi_numSparseInterrupts__C)

.const:ti_sysbios_family_arm_m3_Hwi_priGroup__C 
*          0    00001220    00000004     
                  00001220    00000004     release_pem3.oem3 (.const:ti_sysbios_family_arm_m3_Hwi_priGroup__C)

.const:ti_sysbios_family_arm_m3_TaskSupport_stackAlignment__C 
*          0    00001224    00000004     
                  00001224    00000004     release_pem3.oem3 (.const:ti_sysbios_family_arm_m3_TaskSupport_stackAlignment__C)

.const:ti_sysbios_heaps_HeapMem_E_memory__C 
*          0    00001228    00000004     
                  00001228    00000004     release_pem3.oem3 (.const:ti_sysbios_heaps_HeapMem_E_memory__C)

.const:ti_sysbios_heaps_HeapMem_Module__gateObj__C 
*          0    0000122c    00000004     
                  0000122c    00000004     release_pem3.oem3 (.const:ti_sysbios_heaps_HeapMem_Module__gateObj__C)

.const:ti_sysbios_heaps_HeapMem_Object__count__C 
*          0    00001230    00000004     
                  00001230    00000004     release_pem3.oem3 (.const:ti_sysbios_heaps_HeapMem_Object__count__C)

.const:ti_sysbios_heaps_HeapMem_Object__table__C 
*          0    00001234    00000004     
                  00001234    00000004     release_pem3.oem3 (.const:ti_sysbios_heaps_HeapMem_Object__table__C)

.const:ti_sysbios_heaps_HeapMem_reqAlign__C 
*          0    00001238    00000004     
                  00001238    00000004     release_pem3.oem3 (.const:ti_sysbios_heaps_HeapMem_reqAlign__C)

.const:ti_sysbios_knl_Clock_triggerClock__C 
*          0    0000123c    00000004     
                  0000123c    00000004     release_pem3.oem3 (.const:ti_sysbios_knl_Clock_triggerClock__C)

.const:ti_sysbios_knl_Mailbox_Object__count__C 
*          0    00001240    00000004     
                  00001240    00000004     release_pem3.oem3 (.const:ti_sysbios_knl_Mailbox_Object__count__C)

.const:ti_sysbios_knl_Mailbox_Object__table__C 
*          0    00001244    00000004     
                  00001244    00000004     release_pem3.oem3 (.const:ti_sysbios_knl_Mailbox_Object__table__C)

.const:ti_sysbios_knl_Mailbox_maxTypeAlign__C 
*          0    00001248    00000004     
                  00001248    00000004     release_pem3.oem3 (.const:ti_sysbios_knl_Mailbox_maxTypeAlign__C)

.const:ti_sysbios_knl_Queue_Object__count__C 
*          0    0000124c    00000004     
                  0000124c    00000004     release_pem3.oem3 (.const:ti_sysbios_knl_Queue_Object__count__C)

.const:ti_sysbios_knl_Queue_Object__table__C 
*          0    00001250    00000004     
                  00001250    00000004     release_pem3.oem3 (.const:ti_sysbios_knl_Queue_Object__table__C)

.const:ti_sysbios_knl_Semaphore_eventPost__C 
*          0    00001254    00000004     
                  00001254    00000004     release_pem3.oem3 (.const:ti_sysbios_knl_Semaphore_eventPost__C)

.const:ti_sysbios_knl_Semaphore_eventSync__C 
*          0    00001258    00000004     
                  00001258    00000004     release_pem3.oem3 (.const:ti_sysbios_knl_Semaphore_eventSync__C)

.const:ti_sysbios_knl_Swi_Object__count__C 
*          0    0000125c    00000004     
                  0000125c    00000004     release_pem3.oem3 (.const:ti_sysbios_knl_Swi_Object__count__C)

.const:ti_sysbios_knl_Swi_Object__table__C 
*          0    00001260    00000004     
                  00001260    00000004     release_pem3.oem3 (.const:ti_sysbios_knl_Swi_Object__table__C)

.const:ti_sysbios_knl_Swi_numPriorities__C 
*          0    00001264    00000004     
                  00001264    00000004     release_pem3.oem3 (.const:ti_sysbios_knl_Swi_numPriorities__C)

.const:ti_sysbios_knl_Task_Object__count__C 
*          0    00001268    00000004     
                  00001268    00000004     release_pem3.oem3 (.const:ti_sysbios_knl_Task_Object__count__C)

.const:ti_sysbios_knl_Task_Object__table__C 
*          0    0000126c    00000004     
                  0000126c    00000004     release_pem3.oem3 (.const:ti_sysbios_knl_Task_Object__table__C)

.const:ti_sysbios_knl_Task_allBlockedFunc__C 
*          0    00001270    00000004     
                  00001270    00000004     release_pem3.oem3 (.const:ti_sysbios_knl_Task_allBlockedFunc__C)

.const:ti_sysbios_knl_Task_defaultStackHeap__C 
*          0    00001274    00000004     
                  00001274    00000004     release_pem3.oem3 (.const:ti_sysbios_knl_Task_defaultStackHeap__C)

.const:ti_sysbios_knl_Task_defaultStackSize__C 
*          0    00001278    00000004     
                  00001278    00000004     release_pem3.oem3 (.const:ti_sysbios_knl_Task_defaultStackSize__C)

.const:ti_sysbios_knl_Task_numConstructedTasks__C 
*          0    0000127c    00000004     
                  0000127c    00000004     release_pem3.oem3 (.const:ti_sysbios_knl_Task_numConstructedTasks__C)

.const:ti_sysbios_family_arm_cc26xx_Timer_Module__id__C 
*          0    00001280    00000002     
                  00001280    00000002     release_pem3.oem3 (.const:ti_sysbios_family_arm_cc26xx_Timer_Module__id__C)

.const:ti_sysbios_family_arm_cc26xx_TimestampProvider_useClockTimer__C 
*          0    00001282    00000002     
                  00001282    00000002     release_pem3.oem3 (.const:ti_sysbios_family_arm_cc26xx_TimestampProvider_useClockTimer__C)

.const:ti_sysbios_family_arm_m3_Hwi_Module__id__C 
*          0    00001284    00000002     
                  00001284    00000002     release_pem3.oem3 (.const:ti_sysbios_family_arm_m3_Hwi_Module__id__C)

.const:ti_sysbios_gates_GateHwi_Module__id__C 
*          0    00001286    00000002     
                  00001286    00000002     release_pem3.oem3 (.const:ti_sysbios_gates_GateHwi_Module__id__C)

.const:ti_sysbios_gates_GateMutex_Module__id__C 
*          0    00001288    00000002     
                  00001288    00000002     release_pem3.oem3 (.const:ti_sysbios_gates_GateMutex_Module__id__C)

.const:ti_sysbios_heaps_HeapMem_Module__id__C 
*          0    0000128a    00000002     
                  0000128a    00000002     release_pem3.oem3 (.const:ti_sysbios_heaps_HeapMem_Module__id__C)

.const:ti_sysbios_knl_Task_initStackFlag__C 
*          0    0000128c    00000002     
                  0000128c    00000002     release_pem3.oem3 (.const:ti_sysbios_knl_Task_initStackFlag__C)

.const:ti_sysbios_knl_Clock_tickMode__C 
*          0    0000128e    00000001     
                  0000128e    00000001     release_pem3.oem3 (.const:ti_sysbios_knl_Clock_tickMode__C)

.const:xdc_runtime_Startup_firstFxns__C 
*          0    00001290    00000008     
                  00001290    00000008     release_pem3.oem3 (.const:xdc_runtime_Startup_firstFxns__C)

.const:xdc_runtime_Startup_lastFxns__C 
*          0    00001298    00000008     
                  00001298    00000008     release_pem3.oem3 (.const:xdc_runtime_Startup_lastFxns__C)

.const:xdc_runtime_Assert_E_assertFailed__C 
*          0    000012a0    00000004     
                  000012a0    00000004     release_pem3.oem3 (.const:xdc_runtime_Assert_E_assertFailed__C)

.const:xdc_runtime_Error_E_memory__C 
*          0    000012a4    00000004     
                  000012a4    00000004     release_pem3.oem3 (.const:xdc_runtime_Error_E_memory__C)

.const:xdc_runtime_Error_policyFxn__C 
*          0    000012a8    00000004     
                  000012a8    00000004     release_pem3.oem3 (.const:xdc_runtime_Error_policyFxn__C)

.const:xdc_runtime_Error_raiseHook__C 
*          0    000012ac    00000004     
                  000012ac    00000004     release_pem3.oem3 (.const:xdc_runtime_Error_raiseHook__C)

.const:xdc_runtime_IGateProvider_Interface__BASE__C 
*          0    000012b0    00000004     
                  000012b0    00000004     release_pem3.oem3 (.const:xdc_runtime_IGateProvider_Interface__BASE__C)

.const:xdc_runtime_IHeap_Interface__BASE__C 
*          0    000012b4    00000004     
                  000012b4    00000004     release_pem3.oem3 (.const:xdc_runtime_IHeap_Interface__BASE__C)

.const:xdc_runtime_IModule_Interface__BASE__C 
*          0    000012b8    00000004     
                  000012b8    00000004     release_pem3.oem3 (.const:xdc_runtime_IModule_Interface__BASE__C)

.const:xdc_runtime_Memory_defaultHeapInstance__C 
*          0    000012bc    00000004     
                  000012bc    00000004     release_pem3.oem3 (.const:xdc_runtime_Memory_defaultHeapInstance__C)

.const:xdc_runtime_Startup_execImpl__C 
*          0    000012c0    00000004     
                  000012c0    00000004     release_pem3.oem3 (.const:xdc_runtime_Startup_execImpl__C)

.const:xdc_runtime_Startup_maxPasses__C 
*          0    000012c4    00000004     
                  000012c4    00000004     release_pem3.oem3 (.const:xdc_runtime_Startup_maxPasses__C)

.const:xdc_runtime_Startup_sfxnRts__C 
*          0    000012c8    00000004     
                  000012c8    00000004     release_pem3.oem3 (.const:xdc_runtime_Startup_sfxnRts__C)

.const:xdc_runtime_Startup_sfxnTab__C 
*          0    000012cc    00000004     
                  000012cc    00000004     release_pem3.oem3 (.const:xdc_runtime_Startup_sfxnTab__C)

.const:xdc_runtime_Startup_startModsFxn__C 
*          0    000012d0    00000004     
                  000012d0    00000004     release_pem3.oem3 (.const:xdc_runtime_Startup_startModsFxn__C)

.const:xdc_runtime_SysCallback_abortFxn__C 
*          0    000012d4    00000004     
                  000012d4    00000004     release_pem3.oem3 (.const:xdc_runtime_SysCallback_abortFxn__C)

.const:xdc_runtime_SysCallback_exitFxn__C 
*          0    000012d8    00000004     
                  000012d8    00000004     release_pem3.oem3 (.const:xdc_runtime_SysCallback_exitFxn__C)

.const:xdc_runtime_System_abortFxn__C 
*          0    000012dc    00000004     
                  000012dc    00000004     release_pem3.oem3 (.const:xdc_runtime_System_abortFxn__C)

.const:xdc_runtime_System_exitFxn__C 
*          0    000012e0    00000004     
                  000012e0    00000004     release_pem3.oem3 (.const:xdc_runtime_System_exitFxn__C)

.const:xdc_runtime_System_maxAtexitHandlers__C 
*          0    000012e4    00000004     
                  000012e4    00000004     release_pem3.oem3 (.const:xdc_runtime_System_maxAtexitHandlers__C)

.const:xdc_runtime_Text_charTab__C 
*          0    000012e8    00000004     
                  000012e8    00000004     release_pem3.oem3 (.const:xdc_runtime_Text_charTab__C)

.const:xdc_runtime_Text_nameEmpty__C 
*          0    000012ec    00000004     
                  000012ec    00000004     release_pem3.oem3 (.const:xdc_runtime_Text_nameEmpty__C)

.const:xdc_runtime_Text_nameStatic__C 
*          0    000012f0    00000004     
                  000012f0    00000004     release_pem3.oem3 (.const:xdc_runtime_Text_nameStatic__C)

.const:xdc_runtime_Text_nameUnknown__C 
*          0    000012f4    00000004     
                  000012f4    00000004     release_pem3.oem3 (.const:xdc_runtime_Text_nameUnknown__C)

.const:xdc_runtime_Error_maxDepth__C 
*          0    000012f8    00000002     
                  000012f8    00000002     release_pem3.oem3 (.const:xdc_runtime_Error_maxDepth__C)

.const:xdc_runtime_Memory_Module__id__C 
*          0    000012fa    00000002     
                  000012fa    00000002     release_pem3.oem3 (.const:xdc_runtime_Memory_Module__id__C)

.const:xdc_runtime_Text_charCnt__C 
*          0    000012fc    00000002     
                  000012fc    00000002     release_pem3.oem3 (.const:xdc_runtime_Text_charCnt__C)

.const:xdc_runtime_Text_isLoaded__C 
*          0    000012fe    00000002     
                  000012fe    00000002     release_pem3.oem3 (.const:xdc_runtime_Text_isLoaded__C)

.const:xdc_runtime_Error_policy__C 
*          0    00001300    00000001     
                  00001300    00000001     release_pem3.oem3 (.const:xdc_runtime_Error_policy__C)

.const:ti_sysbios_rom_ROM_ti_sysbios_family_arm_cc26xx_Timer_getCount64__E 
*          0    00001304    00000004     
                  00001304    00000004     release_pem3.oem3 (.const:ti_sysbios_rom_ROM_ti_sysbios_family_arm_cc26xx_Timer_getCount64__E)

.const:ti_sysbios_rom_ROM_ti_sysbios_family_arm_cc26xx_Timer_getCurrentTick__E 
*          0    00001308    00000004     
                  00001308    00000004     release_pem3.oem3 (.const:ti_sysbios_rom_ROM_ti_sysbios_family_arm_cc26xx_Timer_getCurrentTick__E)

.const:ti_sysbios_rom_ROM_ti_sysbios_family_arm_cc26xx_Timer_getMaxTicks__E 
*          0    0000130c    00000004     
                  0000130c    00000004     release_pem3.oem3 (.const:ti_sysbios_rom_ROM_ti_sysbios_family_arm_cc26xx_Timer_getMaxTicks__E)

.const:ti_sysbios_rom_ROM_ti_sysbios_family_arm_cc26xx_Timer_initDevice__I 
*          0    00001310    00000004     
                  00001310    00000004     release_pem3.oem3 (.const:ti_sysbios_rom_ROM_ti_sysbios_family_arm_cc26xx_Timer_initDevice__I)

.const:ti_sysbios_rom_ROM_ti_sysbios_family_arm_cc26xx_Timer_setNextTick__E 
*          0    00001314    00000004     
                  00001314    00000004     release_pem3.oem3 (.const:ti_sysbios_rom_ROM_ti_sysbios_family_arm_cc26xx_Timer_setNextTick__E)

.const:ti_sysbios_rom_ROM_ti_sysbios_family_arm_cc26xx_Timer_setThreshold__I 
*          0    00001318    00000004     
                  00001318    00000004     release_pem3.oem3 (.const:ti_sysbios_rom_ROM_ti_sysbios_family_arm_cc26xx_Timer_setThreshold__I)

.const:ti_sysbios_rom_ROM_ti_sysbios_family_arm_cc26xx_Timer_start__E 
*          0    0000131c    00000004     
                  0000131c    00000004     release_pem3.oem3 (.const:ti_sysbios_rom_ROM_ti_sysbios_family_arm_cc26xx_Timer_start__E)

.const:ti_sysbios_rom_ROM_ti_sysbios_family_arm_cc26xx_TimestampProvider_get32__E 
*          0    00001320    00000004     
                  00001320    00000004     release_pem3.oem3 (.const:ti_sysbios_rom_ROM_ti_sysbios_family_arm_cc26xx_TimestampProvider_get32__E)

.const:ti_sysbios_rom_ROM_xdc_runtime_Startup_getState__I 
*          0    00001324    00000004     
                  00001324    00000004     release_pem3.oem3 (.const:ti_sysbios_rom_ROM_xdc_runtime_Startup_getState__I)

.const:ti_sysbios_rom_ROM_xdc_runtime_System_SupportProxy_abort__E 
*          0    00001328    00000004     
                  00001328    00000004     release_pem3.oem3 (.const:ti_sysbios_rom_ROM_xdc_runtime_System_SupportProxy_abort__E)

.const:ti_sysbios_rom_ROM_xdc_runtime_System_SupportProxy_exit__E 
*          0    0000132c    00000004     
                  0000132c    00000004     release_pem3.oem3 (.const:ti_sysbios_rom_ROM_xdc_runtime_System_SupportProxy_exit__E)

.cinit     0    0000e0b8    00000414     
                  0000e0b8    0000028b     (.cinit..data.load) [load image, compression = lzss]
                  0000e343    00000029     (.cinit..data:ti_sysbios_family_arm_m3_Hwi_Module__state__V.load) [load image, compression = lzss]
                  0000e36c    00000021     (.cinit..data:ti_sysbios_knl_Task_Module__state__V.load) [load image, compression = lzss]
                  0000e38d    0000001f     (.cinit..data:ti_sysbios_BIOS_Module__state__V.load) [load image, compression = lzss]
                  0000e3ac    0000001d     (.cinit..data:ti_sysbios_knl_Clock_Module__state__V.load) [load image, compression = lzss]
                  0000e3c9    00000010     (.cinit..data:ti_sysbios_knl_Swi_Module__state__V.load) [load image, compression = lzss]
                  0000e3d9    00000003     --HOLE-- [fill = 0]
                  0000e3dc    0000000c     (__TI_handler_table)
                  0000e3e8    0000000b     (.cinit..data:ti_sysbios_family_arm_cc26xx_Timer_Module__state__V.load) [load image, compression = lzss]
                  0000e3f3    0000000b     (.cinit..data:xdc_runtime_System_Module__state__V.load) [load image, compression = lzss]
                  0000e3fe    00000002     --HOLE-- [fill = 0]
                  0000e400    00000008     (.cinit..TI.bound:dmaSpi0RxControlTableEntry.load) [load image, compression = zero_init]
                  0000e408    00000008     (.cinit..TI.bound:dmaSpi0TxControlTableEntry.load) [load image, compression = zero_init]
                  0000e410    00000008     (.cinit..TI.bound:dmaSpi1RxControlTableEntry.load) [load image, compression = zero_init]
                  0000e418    00000008     (.cinit..TI.bound:dmaSpi1TxControlTableEntry.load) [load image, compression = zero_init]
                  0000e420    00000008     (.cinit..bss.load) [load image, compression = zero_init]
                  0000e428    00000008     (.cinit..data:xdc_runtime_Memory_Module__state__V.load) [load image, compression = lzss]
                  0000e430    00000007     (.cinit..data:ti_sysbios_family_arm_cc26xx_TimestampProvider_Module__state__V.load) [load image, compression = lzss]
                  0000e437    00000007     (.cinit..data:xdc_runtime_Startup_Module__state__V.load) [load image, compression = lzss]
                  0000e43e    00000006     (.cinit..data:xdc_runtime_Error_Module__state__V.load) [load image, compression = lzss]
                  0000e444    00000088     (__TI_cinit_table)

.init_array 
*          0    00000000    00000000     UNINITIALIZED

.ccfg      0    0001ffa8    00000058     
                  0001ffa8    00000058     ccfg.obj (.ccfg:retain)

.data:ti_sysbios_knl_Task_Module__state__V 
*          0    20000100    00000044     UNINITIALIZED
                  20000100    00000044     release_pem3.oem3 (.data:ti_sysbios_knl_Task_Module__state__V)

.data:ti_sysbios_family_arm_m3_Hwi_Module__state__V 
*          0    20000144    00000034     UNINITIALIZED
                  20000144    00000034     release_pem3.oem3 (.data:ti_sysbios_family_arm_m3_Hwi_Module__state__V)

.data:ti_sysbios_knl_Clock_Module__state__V 
*          0    20000178    0000002c     UNINITIALIZED
                  20000178    0000002c     release_pem3.oem3 (.data:ti_sysbios_knl_Clock_Module__state__V)

.data:ti_sysbios_BIOS_Module__state__V 
*          0    200001a4    00000024     UNINITIALIZED
                  200001a4    00000024     release_pem3.oem3 (.data:ti_sysbios_BIOS_Module__state__V)

.data:ti_sysbios_knl_Swi_Module__state__V 
*          0    200001c8    0000001c     UNINITIALIZED
                  200001c8    0000001c     release_pem3.oem3 (.data:ti_sysbios_knl_Swi_Module__state__V)

.data:ti_sysbios_family_arm_cc26xx_Timer_Module__state__V 
*          0    200001e4    00000008     UNINITIALIZED
                  200001e4    00000008     release_pem3.oem3 (.data:ti_sysbios_family_arm_cc26xx_Timer_Module__state__V)

.data:ti_sysbios_family_arm_cc26xx_TimestampProvider_Module__state__V 
*          0    200001ec    00000004     UNINITIALIZED
                  200001ec    00000004     release_pem3.oem3 (.data:ti_sysbios_family_arm_cc26xx_TimestampProvider_Module__state__V)

.data:xdc_runtime_Startup_Module__state__V 
*          0    200001f0    00000008     UNINITIALIZED
                  200001f0    00000008     release_pem3.oem3 (.data:xdc_runtime_Startup_Module__state__V)

.data:xdc_runtime_System_Module__state__V 
*          0    200001f8    00000008     UNINITIALIZED
                  200001f8    00000008     release_pem3.oem3 (.data:xdc_runtime_System_Module__state__V)

.data:xdc_runtime_Memory_Module__state__V 
*          0    20000200    00000004     UNINITIALIZED
                  20000200    00000004     release_pem3.oem3 (.data:xdc_runtime_Memory_Module__state__V)

.data:xdc_runtime_Error_Module__state__V 
*          0    20000204    00000002     UNINITIALIZED
                  20000204    00000002     release_pem3.oem3 (.data:xdc_runtime_Error_Module__state__V)

.TI.bound:dmaSpi0RxControlTableEntry 
*          0    20000430    00000010     UNINITIALIZED
                  20000430    00000010     drivers_cc26x0r2.aem3 : SPICC26XXDMA.oem3 (.TI.bound:dmaSpi0RxControlTableEntry)

.TI.bound:dmaSpi1RxControlTableEntry 
*          0    20000500    00000010     UNINITIALIZED
                  20000500    00000010     drivers_cc26x0r2.aem3 : SPICC26XXDMA.oem3 (.TI.bound:dmaSpi1RxControlTableEntry)

.bss       0    20000520    00001882     UNINITIALIZED
                  20000520    00000400     radio.obj (.bss:radioTaskStack)
                  20000920    000003e8     flight.obj (.bss:flightTaskStack)
                  20000d08    000003d8     rf_multiMode_cc26x0r2.aem3 : RFCC26XX_multiMode.oem3 (.bss:$O1$$)
                  200010e0    00000200     release_pem3.oem3 (.bss:taskStackSection)
                  200012e0    000001c8     (.common:spiCC26XXDMAObjects)
                  200014a8    00000120     (.common:gptimerCC26XXObjects)
                  200015c8    00000100     (.common:pwmtimerCC26xxObjects)
                  200016c8    000000c8     (.common:ti_sysbios_family_arm_m3_Hwi_dispatchTable)
                  20001790    000000a8     EasyLink.obj (.bss:rfObject)
                  20001838    00000098     EasyLink.obj (.bss:rxBuffer)
                  200018d0    0000008c     EasyLink.obj (.bss:txBuffer)
                  2000195c    00000050     (.common:flightTask)
                  200019ac    00000050     (.common:radioTask)
                  200019fc    00000040     (.common:Dmp_Buf)
                  20001a3c    0000003c     flight.obj (.bss:flightTaskParams)
                  20001a78    0000003c     radio.obj (.bss:radioTaskParams)
                  20001ab4    0000003c     (.common:pid_A)
                  20001af0    0000003c     (.common:pid_P)
                  20001b2c    0000003c     (.common:pid_R)
                  20001b68    0000003c     (.common:pid_Y)
                  20001ba4    00000034     (.common:bmp)
                  20001bd8    00000030     EasyLink.obj (.bss:EasyLink_cmdPropRxAdv)
                  20001c08    00000020     EasyLink.obj (.bss:EasyLink_cmdPropRadioSetup)
                  20001c28    00000020     EasyLink.obj (.bss:EasyLink_cmdPropTxAdv)
                  20001c48    00000020     (.common:udmaObjects)
                  20001c68    0000001c     EasyLink.obj (.bss:EasyLink_cmdPropCs)
                  20001c84    0000001c     EasyLink.obj (.bss:rfParams)
                  20001ca0    00000018     EasyLink.obj (.bss)
                  20001cb8    00000018     EasyLink.obj (.bss:EasyLink_cmdFs)
                  20001cd0    00000018     (.common:rf_rxbuf)
                  20001ce8    00000014     rf_multiMode_cc26x0r2.aem3 : RFCC26XX_multiMode.oem3 (.bss:RF_ratSyncCmd)
                  20001cfc    00000014     driverlib.lib : osc.obj (.bss:oscHfGlobals)
                  20001d10    00000010     EasyLink.obj (.bss:EasyLink_RF_prop)
                  20001d20    00000010     EasyLink.obj (.bss:EasyLink_params)
                  20001d30    0000000c     EasyLink.obj (.bss:rxStatistics)
                  20001d3c    0000000c     (.common:ledPinState)
                  20001d48    00000008     dpl_cc26x0r2.aem3 : PowerCC26XX_tirtos.oem3 (.bss:$O1$$)
                  20001d50    00000008     EasyLink.obj (.bss:dataQueue)
                  20001d58    00000008     driverlib.lib : sys_ctrl.obj (.bss:powerQualGlobals)
                  20001d60    00000008     (.common:qI)
                  20001d68    00000008     (.common:ucomp_data)
                  20001d70    00000004     (.common:ClockP_tickPeriod)
                  20001d74    00000004     (.common:altitude)
                  20001d78    00000004     (.common:hSpi)
                  20001d7c    00000004     (.common:ledPinHandle)
                  20001d80    00000004     (.common:pinHandle)
                  20001d84    00000004     (.common:qw)
                  20001d88    00000004     (.common:qx)
                  20001d8c    00000004     (.common:qy)
                  20001d90    00000004     (.common:qz)
                  20001d94    00000004     (.common:vx)
                  20001d98    00000004     (.common:vy)
                  20001d9c    00000004     (.common:vz)
                  20001da0    00000001     rf_multiMode_cc26x0r2.aem3 : RFCC26XX_multiMode.oem3 (.bss)
                  20001da1    00000001     (.common:driverlib_release_0_60062)

.data      0    20002da8    000009e0     UNINITIALIZED
                  20002da8    00000114     drivers_cc26x0r2.aem3 : PINCC26XX.oem3 (.data:$O1$$)
                  20002ebc    00000114                           : PowerCC26XX.oem3 (.data:PowerCC26XX_module)
                  20002fd0    00000098     radio.obj (.data:rxPacket)
                  20003068    00000090     radio.obj (.data:txPacket)
                  200030f8    00000088     rom_sysbios.aem3 : rom_sysbios.obj (.data:$O1$$)
                  20003180    0000006c     easylink_config.obj (.data:EasyLink_supportedPhys)
                  200031ec    00000061     flight.obj (.data)
                  2000324d    00000001     drivers_cc26x0r2.aem3 : PWM.oem3 (.data)
                  2000324e    00000002     release_pem3.oem3 (.data:ti_sysbios_family_arm_m3_Hwi_Module_State_0_excActive__A)
                  20003250    00000054     release_pem3.oem3 (.data:ti_sysbios_gates_GateMutex_Object__table__V)
                  200032a4    0000004c     release_pem3.oem3 (.data:ti_sysbios_knl_Task_Object__table__V)
                  200032f0    00000048     release_pem3.oem3 (.data:ti_sysbios_family_arm_cc26xx_Timer_Object__table__V)
                  20003338    00000046     smartrf_settings_predefined.obj (.data:RF_PROP_txPowerTable)
                  2000337e    00000001     drivers_cc26x0r2.aem3 : SPI.oem3 (.data)
                  2000337f    00000001     --HOLE--
                  20003380    00000040     EasyLink.obj (.data:addrFilterTable)
                  200033c0    00000040     smartrf_settings.obj (.data:pOverrides)
                  20003400    00000040     smartrf_settings_predefined.obj (.data:pOverrides_fsk)
                  20003440    00000040     smartrf_settings_predefined.obj (.data:pOverrides_fsk_100)
                  20003480    00000038     inv_mpu.obj (.data:st)
                  200034b8    00000030     smartrf_settings_predefined.obj (.data:RF_cmdPropRxAdv_preDef)
                  200034e8    00000030     release_pem3.oem3 (.data:ti_sysbios_knl_Swi_Module_State_0_readyQ__A)
                  20003518    00000030     release_pem3.oem3 (.data:ti_sysbios_knl_Swi_Object__table__V)
                  20003548    00000030     release_pem3.oem3 (.data:ti_sysbios_knl_Task_Module_State_0_readyQ__A)
                  20003578    00000020     smartrf_settings.obj (.data:RF_cmdPropRadioSetup)
                  20003598    00000020     smartrf_settings_predefined.obj (.data:RF_cmdPropRadioSetup_2_4G_fsk)
                  200035b8    00000020     smartrf_settings_predefined.obj (.data:RF_cmdPropRadioSetup_2_4G_fsk_100)
                  200035d8    00000020     release_pem3.oem3 (.data:ti_sysbios_knl_Clock_Object__table__V)
                  200035f8    00000020     release_pem3.oem3 (.data:xdc_runtime_Error_IgnoreBlock)
                  20003618    00000018     smartrf_settings.obj (.data:RF_cmdFs)
                  20003630    00000018     smartrf_settings_predefined.obj (.data:RF_cmdFs_preDef)
                  20003648    00000018     smartrf_settings.obj (.data:RF_cmdPropTx)
                  20003660    00000018     release_pem3.oem3 (.data:ti_sysbios_family_arm_m3_Hwi_Object__table__V)
                  20003678    00000018     release_pem3.oem3 (.data:ti_sysbios_heaps_HeapMem_Object__table__V)
                  20003690    00000017     EasyLink.obj (.data)
                  200036a7    00000001     --HOLE--
                  200036a8    00000010     drivers_cc26x0r2.aem3 : PWMTimerCC26XX.oem3 (.data:$O1$$)
                  200036b8    00000010     smartrf_settings.obj (.data:RF_prop)
                  200036c8    00000010     smartrf_settings_predefined.obj (.data:RF_prop_2_4G_fsk)
                  200036d8    00000010     inv_mpu_dmp_motion_driver.obj (.data:dmp)
                  200036e8    0000000c     main.obj (.data:pinTable)
                  200036f4    00000008     rtsv7M3_T_le_eabi.lib : _lock.c.obj (.data:$O1$$)
                  200036fc    00000008     release_pem3.oem3 (.data:ti_sysbios_family_arm_m3_Hwi_Module__root__V)
                  20003704    00000008     release_pem3.oem3 (.data:ti_sysbios_gates_GateHwi_Module__root__V)
                  2000370c    00000008     release_pem3.oem3 (.data:ti_sysbios_gates_GateMutex_Module__root__V)
                  20003714    00000008     release_pem3.oem3 (.data:ti_sysbios_hal_Hwi_Module__root__V)
                  2000371c    00000008     release_pem3.oem3 (.data:ti_sysbios_heaps_HeapMem_Module__root__V)
                  20003724    00000008     release_pem3.oem3 (.data:ti_sysbios_knl_Clock_Module__root__V)
                  2000372c    00000008     release_pem3.oem3 (.data:ti_sysbios_knl_Event_Module__root__V)
                  20003734    00000008     release_pem3.oem3 (.data:ti_sysbios_knl_Mailbox_Module__root__V)
                  2000373c    00000008     release_pem3.oem3 (.data:ti_sysbios_knl_Queue_Module__root__V)
                  20003744    00000008     release_pem3.oem3 (.data:ti_sysbios_knl_Semaphore_Module__root__V)
                  2000374c    00000008     release_pem3.oem3 (.data:ti_sysbios_knl_Swi_Module__root__V)
                  20003754    00000008     release_pem3.oem3 (.data:ti_sysbios_knl_Task_Module__root__V)
                  2000375c    00000008     release_pem3.oem3 (.data:xdc_runtime_System_Module_State_0_atexitHandlers__A)
                  20003764    00000006     radio.obj (.data)
                  2000376a    00000002     --HOLE--
                  2000376c    00000004     inv_mpu.obj (.data)
                  20003770    00000004     rtsv7M3_T_le_eabi.lib : rand.c.obj (.data)
                  20003774    00000004                           : stkdepth_vars.c.obj (.data)
                  20003778    00000004                           : vla_alloc.c.obj (.data)
                  2000377c    00000004     release_pem3.oem3 (.data:ti_sysbios_family_arm_m3_Hwi_Module_State_0_excContext__A)
                  20003780    00000004     release_pem3.oem3 (.data:ti_sysbios_family_arm_m3_Hwi_Module_State_0_excStack__A)
                  20003784    00000004     release_pem3.oem3 (.data:ti_sysbios_knl_Task_Module_State_0_idleTask__A)

.priheap   0    20001da8    00001000     UNINITIALIZED
                  20001da8    00001000     --HOLE--

.stack     0    20004c00    00000400     UNINITIALIZED
                  20004c00    00000400     --HOLE--

.bootVecs 
*          0    00000000    00000008     DSECT
                  00000000    00000008     boot.aem3 : boot.oem3 (.bootVecs)

.resetVecs 
*          0    00000000    0000003c     
                  00000000    0000003c     release_pem3.oem3 (.resetVecs)

.vecs      0    20000000    000000c8     NOLOAD SECTION
                  20000000    000000c8     release_pem3.oem3 (.vecs)

xdc.meta   0    00000000    00000104     COPY SECTION
                  00000000    00000104     release_pem3.oem3 (xdc.meta)

xdc.noload 
*          0    00000000    00000000     COPY SECTION

__llvm_prf_cnts 
*          0    20000000    00000000     UNINITIALIZED

.TI.bound:dmaSpi0TxControlTableEntry 
*          0    20000440    00000010     UNINITIALIZED
                  20000440    00000010     drivers_cc26x0r2.aem3 : SPICC26XXDMA.oem3 (.TI.bound:dmaSpi0TxControlTableEntry)

.TI.bound:dmaSpi1TxControlTableEntry 
*          0    20000510    00000010     UNINITIALIZED
                  20000510    00000010     drivers_cc26x0r2.aem3 : SPICC26XXDMA.oem3 (.TI.bound:dmaSpi1TxControlTableEntry)

.binit     0    00000000    00000000     

.text.1    0    0000003c    00000fc4     
                  0000003c    000006ac     rtsv7M3_T_le_eabi.lib : e_powf.c.obj (.text:powf)
                  000006e8    00000678     EasyLink.obj (.text:EasyLink_init)
                  00000d60    00000008     (.tramp.ti_sysbios_knl_Semaphore_pend__E.1)
                  00000d68    00000008     (.tramp.ti_sysbios_knl_Semaphore_post__E.1)
                  00000d70    00000008     (.tramp.ti_sysbios_knl_Semaphore_create.1)
                  00000d78    0000027c     flight.obj (.text:Set_Duty)
                  00000ff4    0000000c     driverlib.lib : cpu.obj (.text:NOROM_CPUcpsid)

.text.2    0    00001330    00009e24     
                  00001330    000004ac     rf_multiMode_cc26x0r2.aem3 : RFCC26XX_multiMode.oem3 (.text:RF_fsmActiveState)
                  000017dc    00000314     drivers_cc26x0r2.aem3 : PowerCC26XX_calibrateRCOSC.oem3 (.text:PowerCC26XX_auxISR)
                  00001af0    000002e8     flight.obj (.text:GetYawPitchRoll)
                  00001dd8    000002d4     radio.obj (.text:Update_RxVars)
                  000020ac    000002c4     EasyLink.obj (.text:EasyLink_receive)
                  00002370    00000288     rf_multiMode_cc26x0r2.aem3 : RFCC26XX_multiMode.oem3 (.text:RF_scheduleCmd)
                  000025f8    0000022c     drivers_cc26x0r2.aem3 : PowerCC26XX.oem3 (.text:Power_sleep)
                  00002824    0000022c     inv_mpu_dmp_motion_driver.obj (.text:dmp_enable_feature)
                  00002a50    00000220     driverlib.lib : sys_ctrl.obj (.text:NOROM_SysCtrlSetRechargeBeforePowerDown)
                  00002c70    0000021c     drivers_cc26x0r2.aem3 : SPICC26XXDMA.oem3 (.text:SPICC26XXDMA_transfer)
                  00002e8c    00000210     inv_mpu.obj (.text:setup_compass)
                  0000309c    00000208     EasyLink.obj (.text:EasyLink_transmit)
                  000032a4    000001d8     rf_multiMode_cc26x0r2.aem3 : RFCC26XX_multiMode.oem3 (.text:RF_open)
                  0000347c    000001b6     rtsv7M3_T_le_eabi.lib : fd_add_t2.asm.obj (.text)
                  00003632    00000002     driverlib.lib : rfc.obj (.text:NOROM_RFCAdi3VcoLdoVoltageMode)
                  00003634    000001b0     drivers_cc26x0r2.aem3 : PINCC26XX.oem3 (.text:PIN_init)
                  000037e4    000001a8     inv_mpu.obj (.text:mpu_reset_fifo)
                  0000398c    000001a4     bmp280.obj (.text:bmp280_get_comp_pres_32bit)
                  00003b30    000001a4     inv_mpu.obj (.text:mpu_set_sensors)
                  00003cd4    00000198     rtsv7M3_T_le_eabi.lib : s_atanf.c.obj (.text:atanf)
                  00003e6c    00000190     drivers_cc26x0r2.aem3 : PowerCC26XX_calibrateRCOSC.oem3 (.text:PowerCC26XX_doCalibrate)
                  00003ffc    0000018c     inv_mpu.obj (.text:mpu_init)
                  00004188    00000164     rtsv7M3_T_le_eabi.lib : e_atan2f.c.obj (.text:atan2f)
                  000042ec    0000015c     rf_multiMode_cc26x0r2.aem3 : RFCC26XX_multiMode.oem3 (.text:RF_fsmSetupState)
                  00004448    0000015c     inv_mpu.obj (.text:mpu_set_bypass)
                  000045a4    00000158     drivers_cc26x0r2.aem3 : SPICC26XXDMA.oem3 (.text:SPICC26XXDMA_initIO)
                  000046fc    00000150     inv_mpu.obj (.text:mpu_lp_accel_mode)
                  0000484c    0000014c     rtsv7M3_T_le_eabi.lib : vla_alloc.c.obj (.text:__vla_alloc)
                  00004998    00000134     rf_multiMode_cc26x0r2.aem3 : RFCC26XX_multiMode.oem3 (.text:RF_abortCmd)
                  00004acc    0000012c     drivers_cc26x0r2.aem3 : PowerCC26XX.oem3 (.text:Power_init)
                  00004bf8    00000124     rf_multiMode_cc26x0r2.aem3 : RFCC26XX_multiMode.oem3 (.text:RF_dispatchNextCmd)
                  00004d1c    0000011c     drivers_cc26x0r2.aem3 : SPICC26XXDMA.oem3 (.text:SPICC26XXDMA_open)
                  00004e38    00000118     rf_multiMode_cc26x0r2.aem3 : RFCC26XX_multiMode.oem3 (.text:RF_radioOpDoneCb)
                  00004f50    00000110     drivers_cc26x0r2.aem3 : PINCC26XX.oem3 (.text:PINCC26XX_setIoCfg)
                  00005060    00000110     rf_multiMode_cc26x0r2.aem3 : RFCC26XX_multiMode.oem3 (.text:RF_close)
                  00005170    0000010c     drivers_cc26x0r2.aem3 : SPICC26XXDMA.oem3 (.text:SPICC26XXDMA_configDMA)
                  0000527c    0000010c     inv_mpu.obj (.text:mpu_load_firmware)
                  00005388    00000108     radio.obj (.text:Update_TxVars)
                  00005490    00000100     smartrf_settings.obj (.text:rf_patch_rfe_genfsk)
                  00005590    00000100     smartrf_settings_predefined.obj (.text:rf_patch_rfe_genfsk)
                  00005690    000000fc     rtsv7M3_T_le_eabi.lib : fd_mul_t2.asm.obj (.text)
                  0000578c    000000fa                           : fs_add_t2.asm.obj (.text)
                  00005886    00000002     drivers_cc26x0r2.aem3 : PWMTimerCC26XX.oem3 (.text:PWMTimerCC26XX_init)
                  00005888    000000f0     rf_multiMode_cc26x0r2.aem3 : RFCC26XX_multiMode.oem3 (.text:RF_fsmPowerUpState)
                  00005978    000000e8     dpl_cc26x0r2.aem3 : PowerCC26XX_tirtos.oem3 (.text:PowerCC26XX_standbyPolicy)
                  00005a60    000000e4     flight.obj (.text:RD_Altitude)
                  00005b44    000000e4     drivers_cc26x0r2.aem3 : SPICC26XXDMA.oem3 (.text:SPICC26XXDMA_transferCancel)
                  00005c28    000000dc     inv_mpu.obj (.text:mpu_set_sample_rate)
                  00005d04    000000d8     drivers_cc26x0r2.aem3 : PWMTimerCC26XX.oem3 (.text:PWMTimerCC26XX_open)
                  00005ddc    000000d4     rf_multiMode_cc26x0r2.aem3 : RFCC26XX_multiMode.oem3 (.text:RF_pendCmd)
                  00005eb0    000000d4     radio.obj (.text:radioFnx)
                  00005f84    000000d0     drivers_cc26x0r2.aem3 : GPTimerCC26XX.oem3 (.text:GPTimerCC26XX_open)
                  00006054    000000cc     rf_multiMode_cc26x0r2.aem3 : RFCC26XX_multiMode.oem3 (.text:RF_swiHw)
                  00006120    000000c8     flight.obj (.text:MPU_Init)
                  000061e8    000000c8     flight.obj (.text:RD_MPU)
                  000062b0    000000c4     smartrf_settings.obj (.text:rf_patch_mce_genfsk)
                  00006374    000000c4     smartrf_settings_predefined.obj (.text:rf_patch_mce_genfsk)
                  00006438    000000c0     driverlib.lib : setup.obj (.text:TrimAfterColdResetWakeupFromShutDown)
                  000064f8    000000bc     flight.obj (.text:PID_Exe)
                  000065b4    000000bc     drivers_cc26x0r2.aem3 : PowerCC26XX.oem3 (.text:Power_releaseDependency)
                  00006670    000000b8     rf_multiMode_cc26x0r2.aem3 : RFCC26XX_multiMode.oem3 (.text:RF_postCmd)
                  00006728    000000b4     drivers_cc26x0r2.aem3 : PowerCC26XX.oem3 (.text:Power_setDependency)
                  000067dc    000000b0     flight.obj (.text:Flight_Task_init)
                  0000688c    000000b0     rf_multiMode_cc26x0r2.aem3 : RFCC26XX_multiMode.oem3 (.text:RF_hwiCpe0Active)
                  0000693c    000000ac     driverlib.lib : setup.obj (.text:NOROM_SetupTrimDevice)
                  000069e8    000000ac     flight.obj (.text:WR_MPU)
                  00006a94    000000ac     rtsv7M3_T_le_eabi.lib : s_scalbnf.c.obj (.text:scalbnf)
                  00006b40    000000a8     inv_mpu.obj (.text:mpu_set_lpf)
                  00006be8    000000a8     inv_mpu.obj (.text:set_int_enable)
                  00006c90    000000a4     drivers_cc26x0r2.aem3 : GPTimerCC26XX.oem3 (.text:GPTimerCC26XX_close)
                  00006d34    000000a4     rf_multiMode_cc26x0r2.aem3 : RFCC26XX_multiMode.oem3 (.text:RF_ratRestartChannels)
                  00006dd8    000000a4     inv_mpu.obj (.text:mpu_configure_fifo)
                  00006e7c    000000a4     drivers_cc26x0r2.aem3 : PowerCC26XX.oem3 (.text:switchXOSCHFclockFunc)
                  00006f20    000000a2     bmp280.obj (.text:bmp280_get_uncomp_data)
                  00006fc2    00000002     rf_multiMode_cc26x0r2.aem3 : RFCC26XX_multiMode.oem3 (.text:RF_defaultCallback)
                  00006fc4    000000a0     flight.obj (.text:Flight_Task_Fnx)
                  00007064    000000a0     drivers_cc26x0r2.aem3 : PINCC26XX.oem3 (.text:PIN_open)
                  00007104    000000a0                           : SPICC26XXDMA.oem3 (.text:SPICC26XXDMA_hwiFxn)
                  000071a4    000000a0     auto_init.aem3 : auto_init.oem3 (.text)
                  00007244    0000009c     drivers_cc26x0r2.aem3 : PWMTimerCC26XX.oem3 (.text:PWMTimerCC26XX_setDutyAndPeriod)
                  000072e0    0000009c     rf_multiMode_cc26x0r2.aem3 : RFCC26XX_multiMode.oem3 (.text:RF_calculateDispatchTime)
                  0000737c    0000009c     rtsv7M3_T_le_eabi.lib : memcpy_t2.asm.obj (.text)
                  00007418    00000098     inv_mpu.obj (.text:mpu_set_dmp_state)
                  000074b0    00000098     inv_mpu.obj (.text:mpu_set_gyro_fsr)
                  00007548    00000098     rtsv7M3_T_le_eabi.lib : e_sqrtf.c.obj (.text:sqrtf)
                  000075e0    00000098     rom_sysbios.aem3 : rom_sysbios.obj (.text:ti_sysbios_knl_Clock_workFuncDynamic__E)
                  00007678    00000096     rtsv7M3_T_le_eabi.lib : ull_div_t2.asm.obj (.text)
                  0000770e    00000002                           : _lock.c.obj (.text:_nop)
                  00007710    00000094     inv_mpu.obj (.text:mpu_set_accel_fsr)
                  000077a4    00000092     rtsv7M3_T_le_eabi.lib : fs_div_t2.asm.obj (.text)
                  00007836    00000002     drivers_cc26x0r2.aem3 : PowerCC26XX.oem3 (.text:emptyClockFunc)
                  00007838    00000090     rf_multiMode_cc26x0r2.aem3 : RFCC26XX_multiMode.oem3 (.text:RF_discardPendCmd)
                  000078c8    00000090     drivers_cc26x0r2.aem3 : SPICC26XXDMA.oem3 (.text:SPICC26XXDMA_control)
                  00007958    00000090     inv_mpu.obj (.text:mpu_read_mem)
                  000079e8    00000090     inv_mpu.obj (.text:mpu_write_mem)
                  00007a78    00000090     rom_sysbios.aem3 : rom_sysbios.obj (.text:ti_sysbios_family_arm_cc26xx_Timer_start__E)
                  00007b08    0000008c     flight.obj (.text:Init_PWM)
                  00007b94    0000008c     drivers_cc26x0r2.aem3 : SPICC26XXDMA.oem3 (.text:SPICC26XXDMA_swiFxn)
                  00007c20    00000088     inv_mpu_dmp_motion_driver.obj (.text:dmp_set_fifo_rate)
                  00007ca8    00000084     CC2640R2_LAUNCHXL_fxns.obj (.text:CC2640R2_LAUNCHXL_sendExtFlashByte)
                  00007d2c    00000084     rf_multiMode_cc26x0r2.aem3 : RFCC26XX_multiMode.oem3 (.text:RF_issueRadioFreeCb)
                  00007db0    00000084     inv_mpu.obj (.text:mpu_set_int_latched)
                  00007e34    0000007e     rf_multiMode_cc26x0r2.aem3 : RFCC26XX_multiMode.oem3 (.text:RF_verifyGap)
                  00007eb2    00000002     smartrf_settings.obj (.text:enterPropSysPatch)
                  00007eb4    0000007c     rf_multiMode_cc26x0r2.aem3 : RFCC26XX_multiMode.oem3 (.text:RF_ratFreeChannel)
                  00007f30    0000007a     rtsv7M3_T_le_eabi.lib : fs_mul_t2.asm.obj (.text)
                  00007faa    0000007a                           : memset_t2.asm.obj (.text)
                  00008024    00000078                           : vla_alloc.c.obj (.text:_ZN33_INTERNAL_11_vla_alloc_c_be8bd49b21free_dead_allocationsEPv)
                  0000809c    00000078     bmp280.obj (.text:st_check_boundaries)
                  00008114    00000076     rom_sysbios.aem3 : rom_sysbios.obj (.text:ti_sysbios_heaps_HeapMem_allocUnprotected__E)
                  0000818a    00000002     smartrf_settings_predefined.obj (.text:enterPropSysPatch)
                  0000818c    00000074     main.obj (.text:main)
                  00008200    00000074     inv_mpu.obj (.text:mpu_set_compass_sample_rate)
                  00008274    00000070     driverlib.lib : sys_ctrl.obj (.text:NOROM_SysCtrlAdjustRechargeAfterPowerDown)
                  000082e4    00000070     rf_multiMode_cc26x0r2.aem3 : RFCC26XX_multiMode.oem3 (.text:RF_hwiHw)
                  00008354    00000070     rtsv7M3_T_le_eabi.lib : vla_alloc.c.obj (.text:__vla_dealloc)
                  000083c4    00000070     drivers_cc26x0r2.aem3 : PowerCC26XX.oem3 (.text:lfClockReadyCallback)
                  00008434    0000006e     bmp280.obj (.text:bmp280_get_regs)
                  000084a2    0000006e     rtsv7M3_T_le_eabi.lib : fd_tos_t2.asm.obj (.text)
                  00008510    0000006c     driverlib.lib : osc.obj (.text:NOROM_OSCHF_AttemptToSwitchToXosc)
                  0000857c    0000006c     drivers_cc26x0r2.aem3 : PowerCC26XX_calibrateRCOSC.oem3 (.text:PowerCC26XX_initiateCalibration)
                  000085e8    0000006c     rf_multiMode_cc26x0r2.aem3 : RFCC26XX_multiMode.oem3 (.text:RF_initRadioSetup)
                  00008654    0000006c     drivers_cc26x0r2.aem3 : PowerCC26XX.oem3 (.text:configureXOSCHF)
                  000086c0    00000068     driverlib.lib : sys_ctrl.obj (.text:NOROM_SysCtrl_DCDC_VoltageConditionalControl)
                  00008728    00000068     drivers_cc26x0r2.aem3 : PINCC26XX.oem3 (.text:PIN_add)
                  00008790    00000068     rf_multiMode_cc26x0r2.aem3 : RFCC26XX_multiMode.oem3 (.text:RF_getCurrentTime)
                  000087f8    00000068     rtsv7M3_T_le_eabi.lib : copy_decompress_lzss.c.obj (.text:decompress:lzss:__TI_decompress_lzss)
                  00008860    00000064     driverlib.lib : rfc.obj (.text:NOROM_RFCOverrideUpdate)
                  000088c4    00000064     rf_multiMode_cc26x0r2.aem3 : RFCC26XX_multiMode.oem3 (.text:RF_checkForPreemption)
                  00008928    00000064                                : RFCC26XX_multiMode.oem3 (.text:RF_dispatchNextEvent)
                  0000898c    00000060     drivers_cc26x0r2.aem3 : PowerCC26XX.oem3 (.text:PowerCC26XX_calibrate)
                  000089ec    00000060     rtsv7M3_T_le_eabi.lib : fs_cmp_t2.asm.obj (.text:__aeabi_cfcmple)
                  00008a4c    00000060                           : fs_cmp_t2.asm.obj (.text:__aeabi_cfrcmple)
                  00008aac    00000060     EasyLink.obj (.text:calculateCmdTime)
                  00008b0c    00000060     EasyLink.obj (.text:createTxAdvFromTx)
                  00008b6c    00000060     radio.obj (.text:radioTask_init)
                  00008bcc    0000005c     drivers_cc26x0r2.aem3 : PWMTimerCC26XX.oem3 (.text:PWMTimerCC26XX_setPeriod)
                  00008c28    0000005c                           : PowerCC26XX_calibrateRCOSC.oem3 (.text:PowerCC26XX_RCOSC_clockFunc)
                  00008c84    0000005c     rf_multiMode_cc26x0r2.aem3 : RFCC26XX_multiMode.oem3 (.text:RF_cmdDispatchTime)
                  00008ce0    0000005c                                : RFCC26XX_multiMode.oem3 (.text:RF_syncCb)
                  00008d3c    0000005c     drivers_cc26x0r2.aem3 : UDMACC26XX.oem3 (.text:UDMACC26XX_open)
                  00008d98    0000005c     rtsv7M3_T_le_eabi.lib : ti_fmax.c.obj (.text:fminf)
                  00008df4    0000005c     rom_sysbios.aem3 : rom_sysbios.obj (.text:ti_sysbios_heaps_HeapMem_initPrimary__I)
                  00008e50    0000005c     release_pem3.oem3 (.text:xdc_runtime_Startup_getState__I)
                  00008eac    00000058     drivers_cc26x0r2.aem3 : GPTimerCC26XX.oem3 (.text:GPTimerCC26XXHwiFxn)
                  00008f04    00000058                           : GPTimerCC26XX.oem3 (.text:GPTimerCC26XX_stop)
                  00008f5c    00000058                           : PINCC26XX.oem3 (.text:PIN_remove)
                  00008fb4    00000058     rf_multiMode_cc26x0r2.aem3 : RFCC26XX_multiMode.oem3 (.text:RF_fsmXOSCState)
                  0000900c    00000058                                : RFCC26XX_multiMode.oem3 (.text:RF_hwiCpe0PowerFsm)
                  00009064    00000058     inv_mpu_dmp_motion_driver.obj (.text:dmp_enable_gyro_cal)
                  000090bc    00000058     rom_sysbios.aem3 : rom_sysbios.obj (.text:ti_sysbios_heaps_HeapMem_alloc__E)
                  00009114    00000054     rf_multiMode_cc26x0r2.aem3 : RFCC26XX_multiMode.oem3 (.text:RF_applyRfCorePatch)
                  00009168    00000054     drivers_cc26x0r2.aem3 : SPICC26XXDMA.oem3 (.text:SPICC26XXDMA_initHw)
                  000091bc    00000054     rtsv7M3_T_le_eabi.lib : ti_fmax.c.obj (.text:fmaxf)
                  00009210    00000052     drivers_cc26x0r2.aem3 : SPICC26XXDMA.oem3 (.text:SPICC26XXDMA_close)
                  00009262    00000002     rtsv7M3_T_le_eabi.lib : div0.asm.obj (.text)
                  00009264    00000050     dpl_cc26x0r2.aem3 : ClockP_tirtos.oem3 (.text:ClockP_construct)
                  000092b4    00000050     drivers_cc26x0r2.aem3 : PWMTimerCC26XX.oem3 (.text:PWMTimerCC26XX_getdutyCounts)
                  00009304    00000050     rf_multiMode_cc26x0r2.aem3 : RFCC26XX_multiMode.oem3 (.text:RF_wakeupNotification)
                  00009354    0000004c     CC2640R2_LAUNCHXL_fxns.obj (.text:CC2640R2_LAUNCHXL_wakeUpExtFlash)
                  000093a0    0000004c     drivers_cc26x0r2.aem3 : GPTimerCC26XX.oem3 (.text:GPTimerCC26XX_registerInterrupt)
                  000093ec    0000004c                           : GPTimerCC26XX.oem3 (.text:GPTimerCC26XX_start)
                  00009438    0000004c     rtsv7M3_T_le_eabi.lib : cpy_tbl.c.obj (.text:copy_in)
                  00009484    00000048                           : fd_toi_t2.asm.obj (.text)
                  000094cc    00000048     rom_sysbios.aem3 : rom_sysbios.obj (.text:ti_sysbios_family_arm_cc26xx_Timer_setThreshold__I)
                  00009514    00000044     flight.obj (.text:GPTcllback)
                  00009558    00000044     driverlib.lib : osc.obj (.text:NOROM_OSCHF_SwitchToRcOscTurnOffXosc)
                  0000959c    00000044     drivers_cc26x0r2.aem3 : PWMTimerCC26XX.oem3 (.text:PWMTimerCC26XX_setDuty)
                  000095e0    00000044                           : SPICC26XXDMA.oem3 (.text:SPICC26XXDMA_csnCallback)
                  00009624    00000044     boot.aem3 : boot.oem3 (.text)
                  00009668    00000044     inv_mpu.obj (.text:dak_read_fifo)
                  000096ac    00000042     driverlib.lib : ssi.obj (.text:NOROM_SSIConfigSetExpClk)
                  000096ee    00000042     inv_mpu_dmp_motion_driver.obj (.text:dmp_enable_6x_lp_quat)
                  00009730    00000042     inv_mpu_dmp_motion_driver.obj (.text:dmp_enable_lp_quat)
                  00009772    00000002     release_pem3.oem3 (.text:ti_sysbios_BIOS_nullFunc__I)
                  00009774    00000040     CC2640R2_LAUNCHXL_fxns.obj (.text:CC2640R2_LAUNCHXL_shutDownExtFlash)
                  000097b4    00000040     drivers_cc26x0r2.aem3 : PINCC26XX.oem3 (.text:PINCC26XX_getConfig)
                  000097f4    00000040                           : PINCC26XX.oem3 (.text:PIN_swi)
                  00009834    00000040                           : PWM.oem3 (.text:PWM_init)
                  00009874    00000040                           : PWM.oem3 (.text:PWM_open)
                  000098b4    00000040                           : PowerCC26XX.oem3 (.text:PowerCC26XX_isStableXOSC_HF)
                  000098f4    00000040                           : SPI.oem3 (.text:SPI_init)
                  00009934    00000040                           : SPI.oem3 (.text:SPI_open)
                  00009974    0000003e     dpl_cc26x0r2.aem3 : HwiP_tirtos.oem3 (.text:HwiP_construct)
                  000099b2    0000003e     release_pem3.oem3 (.text:realloc)
                  000099f0    0000003c     driverlib.lib : osc.obj (.text:NOROM_OSC_HPOSCRelativeFrequencyOffsetGet)
                  00009a2c    0000003c                   : rfc.obj (.text:NOROM_RFCSynthPowerDown)
                  00009a68    0000003c     rf_multiMode_cc26x0r2.aem3 : RFCC26XX_multiMode.oem3 (.text:RF_cmdGet)
                  00009aa4    0000003c                                : RFCC26XX_multiMode.oem3 (.text:RF_cmdStoreEvents)
                  00009ae0    0000003c     dpl_cc26x0r2.aem3 : SwiP_tirtos.oem3 (.text:SwiP_construct)
                  00009b1c    0000003c     drivers_cc26x0r2.aem3 : PowerCC26XX.oem3 (.text:disableLfClkQualifiersEnableClkLoss)
                  00009b58    0000003c     rom_sysbios.aem3 : rom_sysbios.obj (.text:ti_sysbios_family_arm_m3_Hwi_construct2__E)
                  00009b94    00000038     drivers_cc26x0r2.aem3 : PINCC26XX.oem3 (.text:PIN_setConfig)
                  00009bcc    00000038                           : PINCC26XX.oem3 (.text:PIN_setInterrupt)
                  00009c04    00000038                           : PINCC26XX.oem3 (.text:PIN_setOutputValue)
                  00009c3c    00000038     rf_multiMode_cc26x0r2.aem3 : RFCC26XX_multiMode.oem3 (.text:RF_checkCmdFsError)
                  00009c74    00000038                                : RFCC26XX_multiMode.oem3 (.text:RF_powerConstraintRelease)
                  00009cac    00000038     rtsv7M3_T_le_eabi.lib : fs_tod_t2.asm.obj (.text)
                  00009ce4    00000038                           : fs_toi_t2.asm.obj (.text)
                  00009d1c    00000038                           : i_tofs_t2.asm.obj (.text)
                  00009d54    00000036     drivers_cc26x0r2.aem3 : UDMACC26XX.oem3 (.text:UDMACC26XX_close)
                  00009d8a    00000036     rom_sysbios.aem3 : rom_sysbios.obj (.text:ti_sysbios_family_arm_cc26xx_Timer_setNextTick__E)
                  00009dc0    00000034     drivers_cc26x0r2.aem3 : GPTimerCC26XX.oem3 (.text:GPTimerCC26XXSetLoadMatch)
                  00009df4    00000034                           : PWMTimerCC26XX.oem3 (.text:PWMTimerCC26XX_getperiodCounts)
                  00009e28    00000034                           : PowerCC26XX.oem3 (.text:Power_releaseConstraint)
                  00009e5c    00000034                           : PowerCC26XX.oem3 (.text:notify)
                  00009e90    00000034     bmp280.obj (.text:null_ptr_check)
                  00009ec4    00000034     rtsv7M3_T_le_eabi.lib : rand.c.obj (.text:rand)
                  00009ef8    00000034                           : fs_tou_t2.asm.obj (.text)
                  00009f2c    00000034     rom_sysbios.aem3 : rom_sysbios.obj (.text:ti_sysbios_family_arm_cc26xx_Timer_initDevice__I)
                  00009f60    00000032     release_pem3.oem3 (.text:ti_sysbios_rts_gnu_MemAlloc_alloc)
                  00009f92    00000002     rom_sysbios.aem3 : rom_sysbios.obj (.text:xdc_runtime_SysCallback_defaultAbort)
                  00009f94    00000030     drivers_cc26x0r2.aem3 : PINCC26XX.oem3 (.text:PINCC26XX_setMux)
                  00009fc4    00000030                           : PWMTimerCC26XX.oem3 (.text:PWMTimerCC26XX_start)
                  00009ff4    00000030                           : PowerCC26XX.oem3 (.text:Power_setConstraint)
                  0000a024    00000030     smartrf_settings.obj (.text:configurePropPatch)
                  0000a054    00000030     smartrf_settings_predefined.obj (.text:configurePropPatch)
                  0000a084    00000030     release_pem3.oem3 (.text:ti_sysbios_BIOS_atExitFunc__I)
                  0000a0b4    00000030     release_pem3.oem3 (.text:ti_sysbios_BIOS_startFunc__I)
                  0000a0e4    00000030     rom_sysbios.aem3 : rom_sysbios.obj (.text:ti_sysbios_family_arm_cc26xx_Timer_getCurrentTick__E)
                  0000a114    0000002e     rf_multiMode_cc26x0r2.aem3 : RFCC26XX_multiMode.oem3 (.text:RF_queueEnd)
                  0000a142    00000002     rom_sysbios.aem3 : rom_sysbios.obj (.text:xdc_runtime_SysCallback_defaultExit)
                  0000a144    0000002c     drivers_cc26x0r2.aem3 : GPTimerCC26XX.oem3 (.text:GPTimerCC26XX_getTimerValue)
                  0000a170    0000002c     driverlib.lib : chipinfo.obj (.text:NOROM_ChipInfo_GetChipFamily)
                  0000a19c    0000002c                   : rfc.obj (.text:NOROM_RFCCpePatchReset)
                  0000a1c8    0000002c     drivers_cc26x0r2.aem3 : PWMTimerCC26XX.oem3 (.text:PWMTimerCC26XX_close)
                  0000a1f4    0000002c                           : PWMTimerCC26XX.oem3 (.text:PWMTimerCC26XX_stop)
                  0000a220    0000002c     rf_multiMode_cc26x0r2.aem3 : RFCC26XX_multiMode.oem3 (.text:RF_calculateDeltaTimeUs)
                  0000a24c    0000002c                                : RFCC26XX_multiMode.oem3 (.text:RF_executeDirectImmediateCmd)
                  0000a278    0000002c     dpl_cc26x0r2.aem3 : SemaphoreP_tirtos.oem3 (.text:SemaphoreP_constructBinary)
                  0000a2a4    0000002c     rom_sysbios.aem3 : rom_sysbios.obj (.text:_pthread_delete$44)
                  0000a2d0    0000002c                      : rom_sysbios.obj (.text:ti_sysbios_knl_Clock_getTicksUntilInterrupt__E)
                  0000a2fc    0000002a                      : rom_sysbios.obj (.text:ti_sysbios_knl_Clock_getTimeout__E)
                  0000a326    00000002     --HOLE-- [fill = 0]
                  0000a328    00000028     drivers_cc26x0r2.aem3 : GPTimerCC26XX.oem3 (.text:GPTimerCC26XX_configureDebugStall)
                  0000a350    00000028     driverlib.lib : chipinfo.obj (.text:NOROM_ChipInfo_GetChipType)
                  0000a378    00000028                   : rfc.obj (.text:NOROM_RFCDoorbellSendTo)
                  0000a3a0    00000028                   : rfc.obj (.text:NOROM_RFCOverrideSearch)
                  0000a3c8    00000028     drivers_cc26x0r2.aem3 : PowerCC26XX.oem3 (.text:Power_registerNotify)
                  0000a3f0    00000028     rf_multiMode_cc26x0r2.aem3 : RFCC26XX_multiMode.oem3 (.text:RF_runCmd)
                  0000a418    00000028     drivers_cc26x0r2.aem3 : SPICC26XXDMA.oem3 (.text:SPICC26XXDMA_flushFifos)
                  0000a440    00000028     driverlib.lib : adi.obj (.text:SafeHapiVoid)
                  0000a468    00000024     drivers_cc26x0r2.aem3 : GPTimerCC26XX.oem3 (.text:GPTimerCC26XX_enableInterrupt)
                  0000a48c    00000024                           : List.oem3 (.text:List_remove)
                  0000a4b0    00000024     driverlib.lib : osc.obj (.text:NOROM_OSCHF_TurnOnXosc)
                  0000a4d4    00000024     flight.obj (.text:PID_Init)
                  0000a4f8    00000024     drivers_cc26x0r2.aem3 : PINCC26XX.oem3 (.text:PINCC26XX_setIoCfgMux)
                  0000a51c    00000024     rf_multiMode_cc26x0r2.aem3 : RFCC26XX_multiMode.oem3 (.text:RF_cmdAlloc)
                  0000a540    00000024                                : RFCC26XX_multiMode.oem3 (.text:RF_invokeGlobalCallback)
                  0000a564    00000024     rom_sysbios.aem3 : rom_sysbios.obj (.text:_pthread_cleanupFxn)
                  0000a588    00000024     inv_mpu.obj (.text:dak_dmp_intsts)
                  0000a5ac    00000024     rtsv7M3_T_le_eabi.lib : memcmp.c.obj (.text:memcmp)
                  0000a5d0    00000024                           : u_tofs_t2.asm.obj (.text)
                  0000a5f4    00000024     release_pem3.oem3 (.text:ti_sysbios_BIOS_registerRTSLock__I)
                  0000a618    00000024     release_pem3.oem3 (.text:ti_sysbios_BIOS_removeRTSLock__I)
                  0000a63c    00000024     rom_sysbios.aem3 : rom_sysbios.obj (.text:ti_sysbios_family_arm_cc26xx_Timer_getMaxTicks__E)
                  0000a660    00000022     drivers_cc26x0r2.aem3 : List.oem3 (.text:List_get)
                  0000a682    00000022                           : List.oem3 (.text:List_insert)
                  0000a6a4    00000022                           : List.oem3 (.text:List_put)
                  0000a6c6    00000022                           : List.oem3 (.text:List_putHead)
                  0000a6e8    00000020                           : GPTimerCC26XX.oem3 (.text:GPTimerCC26XXReverseLookupMask)
                  0000a708    00000020     driverlib.lib : rfc.obj (.text:NOROM_RFCRfTrimRead)
                  0000a728    00000020     drivers_cc26x0r2.aem3 : PowerCC26XX.oem3 (.text:Power_unregisterNotify)
                  0000a748    00000020     rf_multiMode_cc26x0r2.aem3 : RFCC26XX_multiMode.oem3 (.text:RF_clkPowerUp)
                  0000a768    00000020                                : RFCC26XX_multiMode.oem3 (.text:RF_hwiCpe0ChangePhy)
                  0000a788    00000020                                : RFCC26XX_multiMode.oem3 (.text:RF_isStateTransitionAllowed)
                  0000a7a8    00000020                                : RFCC26XX_multiMode.oem3 (.text:RF_ratIsRunning)
                  0000a7c8    00000020     release_pem3.oem3 (.text:ti_sysbios_BIOS_rtsLock__I)
                  0000a7e8    00000020     rom_sysbios.aem3 : rom_sysbios.obj (.text:ti_sysbios_family_arm_cc26xx_Timer_dynamicStub__E)
                  0000a808    00000020                      : rom_sysbios.obj (.text:xdc_runtime_Error_policyMin__E)
                  0000a828    0000001e     drivers_cc26x0r2.aem3 : PINCC26XX.oem3 (.text:PIN_close)
                  0000a846    0000001e                           : PowerCC26XX.oem3 (.text:Power_getTransitionLatency)
[...]
1001c0dd  ti_sysbios_knl_Clock_destruct                                             
1001c0e1  ti_sysbios_knl_Clock_removeI__E                                           
1001c0e5  ti_sysbios_knl_Clock_setTimeout__E                                        
1001c0e9  ti_sysbios_knl_Event_delete                                               
1001c0ed  ti_sysbios_knl_Event_destruct                                             
1001c0f1  ti_sysbios_knl_Mailbox_delete                                             
1001c0f5  ti_sysbios_knl_Mailbox_destruct                                           
1001c0f9  ti_sysbios_knl_Queue_delete                                               
1001c0fd  ti_sysbios_knl_Queue_destruct                                             
1001c101  ti_sysbios_knl_Queue_head__E                                              
1001c105  ti_sysbios_knl_Queue_next__E                                              
1001c109  ti_sysbios_knl_Semaphore_delete                                           
1001c10d  ti_sysbios_knl_Semaphore_destruct                                         
1001c111  ti_sysbios_knl_Swi_delete                                                 
1001c115  ti_sysbios_knl_Swi_destruct                                               
1001c119  ti_sysbios_knl_Swi_postInit__I                                            
1001c11d  ti_sysbios_knl_Task_delete                                                
1001c121  ti_sysbios_knl_Task_destruct                                              
1001c125  ti_sysbios_knl_Task_startup__E                                            
1001c129  xdc_runtime_Startup_startMods__I                                          
1001c2c9  xdc_runtime_Core_createObject__I                                          
1001c349  xdc_runtime_Memory_alloc__E                                               
1001c3b5  xdc_runtime_Core_deleteObject__I                                          
1001c413  xdc_runtime_Error_policySpin__E                                           
1001c415  xdc_runtime_Startup_exec__E                                               
1001c465  xdc_runtime_Assert_raise__I                                               
1001c4ad  xdc_runtime_Core_assignParams__I                                          
1001c4f5  xdc_runtime_Core_constructObject__I                                       
1001c581  xdc_runtime_System_atexit__E                                              
1001c5b9  xdc_runtime_Core_assignLabel__I                                           
1001c5ed  xdc_runtime_System_processAtExit__E                                       
1001c621  xdc_runtime_Text_cordText__E                                              
1001c64d  xdc_runtime_System_abort__E                                               
1001c66d  xdc_runtime_Error_raiseX__E                                               
1001c689  xdc_runtime_Memory_valloc__E                                              
1001c6a5  xdc_runtime_Core_destructObject__I                                        
1001c6bd  xdc_runtime_Error_check__E                                                
1001c6d5  xdc_runtime_System_exit__E                                                
1001c6ed  xdc_runtime_Text_ropeText__E                                              
1001c705  xdc_runtime_Memory_free__E                                                
1001c715  xdc_runtime_SysCallback_abort__E                                          
1001c715  xdc_runtime_System_SupportProxy_abort__E                                  
1001c725  xdc_runtime_SysCallback_exit__E                                           
1001c725  xdc_runtime_System_SupportProxy_exit__E                                   
1001c735  xdc_runtime_Timestamp_SupportProxy_get32__E                               
1001c735  xdc_runtime_Timestamp_get32__E                                            
1001c735  xdc_runtime_Timestamp_get32__E                                            
1001c751  xdc_runtime_Memory_calloc__E                                              
1001c75d  xdc_runtime_Memory_getMaxDefaultTypeAlign__E                              
1001c769  xdc_runtime_Startup_rtsDone__E                                            
1001c775  xdc_runtime_Memory_HeapProxy_alloc__E                                     
1001c77f  xdc_runtime_Memory_HeapProxy_free__E                                      
1001c789  xdc_runtime_Gate_leaveSystem__E                                           
1001c78f  xdc_runtime_System_Module_startup__E                                      
1001c795  xdc_runtime_Gate_enterSystem__E                                           
1001c799  xdc_runtime_System_Module_GateProxy_enter__E                              
1001c79d  xdc_runtime_System_Module_GateProxy_leave__E                              
1001c7a1  xdc_runtime_System_abortSpin__E                                           
1001c7a3  xdc_runtime_System_exitSpin__E                                            
1001c7a5  ti_sysbios_family_arm_m3_Hwi_dispatch__I                                  
1001c86d  ti_sysbios_family_arm_m3_TaskSupport_buildTaskStack                       
1001c8b9  ti_sysbios_family_arm_m3_Hwi_initStacks__E                                
1001c901  ti_sysbios_family_arm_m3_Hwi_excHandlerAsm__I                             
1001c921  ti_sysbios_family_xxx_Hwi_switchAndRunFunc                                
1001c93f  ti_sysbios_family_arm_m3_Hwi_pendSV__I                                    
1001c957  ti_sysbios_family_arm_m3_Hwi_return                                       
1001c959  ti_sysbios_family_arm_m3_TaskSupport_glue                                 
1001c969  ti_sysbios_family_arm_m3_TaskSupport_swap__E                              
1001c969  ti_sysbios_knl_Task_SupportProxy_swap__E                                  
1001c969  ti_sysbios_knl_Task_SupportProxy_swap__E__mangled__                       
1001c971  ti_sysbios_knl_Task_swapReturn                                            
1001c978  ti_sysbios_knl_Task_Object__PARAMS__C                                     
1001c9b4  ti_sysbios_knl_Mailbox_Object__PARAMS__C                                  
1001c9e8  ti_sysbios_family_arm_m3_Hwi_Object__PARAMS__C                            
1001ca18  ti_sysbios_hal_Hwi_Object__PARAMS__C                                      
1001ca44  ti_sysbios_knl_Swi_Object__PARAMS__C                                      
1001ca6c  ti_sysbios_heaps_HeapMem_Object__PARAMS__C                                
1001ca90  ti_sysbios_knl_Clock_Object__PARAMS__C                                    
1001cab4  ti_sysbios_knl_Semaphore_Object__PARAMS__C                                
1001cad8  ti_sysbios_gates_GateHwi_Object__PARAMS__C                                
1001caf0  ti_sysbios_gates_GateMutex_Object__PARAMS__C                              
1001cb08  ti_sysbios_knl_Event_Object__PARAMS__C                                    
1001cb20  ti_sysbios_knl_Queue_Object__PARAMS__C                                    
1001cb68  ti_sysbios_gates_GateMutex_Instance_State_sem__O                          
1001cb6c  ti_sysbios_knl_Clock_Module_State_clockQ__O                               
1001cb70  ti_sysbios_knl_Event_Instance_State_pendQ__O                              
1001cb74  ti_sysbios_knl_Mailbox_Instance_State_dataQue__O                          
1001cb78  ti_sysbios_knl_Mailbox_Instance_State_dataSem__O                          
1001cb7c  ti_sysbios_knl_Mailbox_Instance_State_freeQue__O                          
1001cb80  ti_sysbios_knl_Mailbox_Instance_State_freeSem__O                          
1001cb84  ti_sysbios_knl_Semaphore_Instance_State_pendQ__O                          
1001cb88  ti_sysbios_knl_Task_Module_State_inactiveQ__O                             
20000000  __start___llvm_prf_cnts                                                   
20000000  __stop___llvm_prf_cnts                                                    
20000000  ti_sysbios_family_arm_m3_Hwi_ramVectors                                   
20000100  ti_sysbios_knl_Task_Module__state__V                                      
20000144  ti_sysbios_family_arm_m3_Hwi_Module__state__V                             
20000178  ti_sysbios_knl_Clock_Module__state__V                                     
200001a4  ti_sysbios_BIOS_Module__state__V                                          
200001c8  ti_sysbios_knl_Swi_Module__state__V                                       
200001e4  ti_sysbios_family_arm_cc26xx_Timer_Module__state__V                       
200001ec  ti_sysbios_family_arm_cc26xx_TimestampProvider_Module__state__V           
200001f0  xdc_runtime_Startup_Module__state__V                                      
200001f8  xdc_runtime_System_Module__state__V                                       
20000200  xdc_runtime_Memory_Module__state__V                                       
20000204  xdc_runtime_Error_Module__state__V                                        
200010e0  ti_sysbios_knl_Task_Instance_State_0_stack__A                             
200012e0  spiCC26XXDMAObjects                                                       
200014a8  gptimerCC26XXObjects                                                      
200015c8  pwmtimerCC26xxObjects                                                     
200016c8  ti_sysbios_family_arm_m3_Hwi_dispatchTable                                
2000195c  flightTask                                                                
200019ac  radioTask                                                                 
200019fc  Dmp_Buf                                                                   
20001ab4  pid_A                                                                     
20001af0  pid_P                                                                     
20001b2c  pid_R                                                                     
20001b68  pid_Y                                                                     
20001ba4  bmp                                                                       
20001c48  udmaObjects                                                               
20001cd0  rf_rxbuf                                                                  
20001d3c  ledPinState                                                               
20001d48  PowerCC26XX_taskKey                                                       
20001d4c  PowerCC26XX_swiKey                                                        
20001d60  qI                                                                        
20001d68  ucomp_data                                                                
20001d70  ClockP_tickPeriod                                                         
20001d74  altitude                                                                  
20001d78  hSpi                                                                      
20001d7c  ledPinHandle                                                              
20001d80  pinHandle                                                                 
20001d84  qw                                                                        
20001d88  qx                                                                        
20001d8c  qy                                                                        
20001d90  qz                                                                        
20001d94  vx                                                                        
20001d98  vy                                                                        
20001d9c  vz                                                                        
20001da1  driverlib_release_0_60062                                                 
20001da8  __primary_heap_start__                                                    
20002da8  __primary_heap_end__                                                      
20002da8  pinUpperBound                                                             
20002dac  pinLowerBound                                                             
20002e40  pinHandleTable                                                            
20002ebc  PowerCC26XX_module                                                        
20002fd0  rxPacket                                                                  
20003068  txPacket                                                                  
20003180  EasyLink_supportedPhys                                                    
200031ec  tmr_cnt                                                                   
200031f0  tmrcnt                                                                    
200031f4  tskcnt                                                                    
200031f8  yawL                                                                      
200031fc  pitL                                                                      
20003200  rolL                                                                      
20003204  yawO                                                                      
20003208  pitO                                                                      
2000320c  rolO                                                                      
20003210  altO                                                                      
20003214  thrust                                                                    
20003218  fZRO                                                                      
2000321c  who                                                                       
2000321e  ofs                                                                       
20003220  pa                                                                        
20003224  paMn                                                                      
20003228  paMx                                                                      
2000322c  pwm1                                                                      
20003230  pwm2                                                                      
20003234  pwm3                                                                      
20003238  pwm4                                                                      
2000323c  m_fr                                                                      
20003240  m_fl                                                                      
20003244  m_br                                                                      
20003248  m_bl                                                                      
2000324c  ok                                                                        
2000324e  ti_sysbios_family_arm_m3_Hwi_Module_State_0_excActive__A                  
20003250  ti_sysbios_gates_GateMutex_Object__table__V                               
200032a4  ti_sysbios_knl_Task_Object__table__V                                      
200032f0  ti_sysbios_family_arm_cc26xx_Timer_Object__table__V                       
20003338  RF_PROP_txPowerTable                                                      
200033c0  pOverrides                                                                
20003400  pOverrides_fsk                                                            
20003440  pOverrides_fsk_100                                                        
20003480  st                                                                        
200034b8  RF_cmdPropRxAdv_preDef                                                    
200034e8  ti_sysbios_knl_Swi_Module_State_0_readyQ__A                               
20003518  ti_sysbios_knl_Swi_Object__table__V                                       
20003548  ti_sysbios_knl_Task_Module_State_0_readyQ__A                              
20003578  RF_cmdPropRadioSetup                                                      
20003598  RF_cmdPropRadioSetup_2_4G_fsk                                             
200035b8  RF_cmdPropRadioSetup_2_4G_fsk_100                                         
200035d8  ti_sysbios_knl_Clock_Object__table__V                                     
200035f8  xdc_runtime_Error_IgnoreBlock                                             
20003618  RF_cmdFs                                                                  
20003630  RF_cmdFs_preDef                                                           
20003648  RF_cmdPropTx                                                              
20003660  ti_sysbios_family_arm_m3_Hwi_Object__table__V                             
20003678  ti_sysbios_heaps_HeapMem_Object__table__V                                 
200036b8  RF_prop                                                                   
200036c8  RF_prop_2_4G_fsk                                                          
200036d8  dmp                                                                       
200036e8  pinTable                                                                  
200036f4  _lock                                                                     
200036f8  _unlock                                                                   
200036fc  ti_sysbios_family_arm_m3_Hwi_Module__root__V                              
20003704  ti_sysbios_gates_GateHwi_Module__root__V                                  
2000370c  ti_sysbios_gates_GateMutex_Module__root__V                                
20003714  ti_sysbios_hal_Hwi_Module__root__V                                        
2000371c  ti_sysbios_heaps_HeapMem_Module__root__V                                  
20003724  ti_sysbios_knl_Clock_Module__root__V                                      
2000372c  ti_sysbios_knl_Event_Module__root__V                                      
20003734  ti_sysbios_knl_Mailbox_Module__root__V                                    
2000373c  ti_sysbios_knl_Queue_Module__root__V                                      
20003744  ti_sysbios_knl_Semaphore_Module__root__V                                  
2000374c  ti_sysbios_knl_Swi_Module__root__V                                        
20003754  ti_sysbios_knl_Task_Module__root__V                                       
2000375c  xdc_runtime_System_Module_State_0_atexitHandlers__A                       
20003764  db_cnt                                                                    
20003766  db_err                                                                    
20003768  out                                                                       
2000376c  mpu_err                                                                   
20003774  main_func_sp                                                              
2000377c  ti_sysbios_family_arm_m3_Hwi_Module_State_0_excContext__A                 
20003780  ti_sysbios_family_arm_m3_Hwi_Module_State_0_excStack__A                   
20003784  ti_sysbios_knl_Task_Module_State_0_idleTask__A                            
20004c00  __stack                                                                   
20005000  __STACK_END                                                               
e000e000  ti_sysbios_family_arm_m3_Hwi_nvic                                         
ffffffff  __TI_pprof_out_hndl                                                       
ffffffff  __TI_prof_data_size                                                       
ffffffff  __TI_prof_data_start                                                      
ffffffff  __binit__                                                                 
ffffffff  __c_args__                                                                
ffffffff  binit                                                                     
UNDEFED   SHT$$INIT_ARRAY$$Base                                                     
UNDEFED   SHT$$INIT_ARRAY$$Limit                                                    

[1001 symbols]
